2026-07-14T07:48:24.9774860Z Current runner version: '2.335.1'
2026-07-14T07:48:24.9819500Z ##[group]Runner Image Provisioner
2026-07-14T07:48:24.9820180Z Hosted Compute Agent
2026-07-14T07:48:24.9820550Z Version: 20260624.560
2026-07-14T07:48:24.9820950Z Commit: 925d229a51159bc391ae97e54a2dd1fe20af789d
2026-07-14T07:48:24.9821430Z Build Date: 2026-06-24T18:26:47Z
2026-07-14T07:48:24.9821870Z Worker ID: {71532e17-efe8-482a-ab28-70afdeb0421d}
2026-07-14T07:48:24.9822320Z Azure Region: westus
2026-07-14T07:48:24.9822680Z ##[endgroup]
2026-07-14T07:48:24.9823650Z ##[group]Operating System
2026-07-14T07:48:24.9824030Z macOS
2026-07-14T07:48:24.9824380Z 15.7.7
2026-07-14T07:48:24.9824880Z 24G720
2026-07-14T07:48:24.9825220Z ##[endgroup]
2026-07-14T07:48:24.9825560Z ##[group]Runner Image
2026-07-14T07:48:24.9825930Z Image: macos-15-arm64
2026-07-14T07:48:24.9826300Z Version: 20260706.0213.1
2026-07-14T07:48:24.9827190Z Included Software: https://github.com/actions/runner-images/blob/macos-15-arm64/20260706.0213/images/macos/macos-15-arm64-Readme.md
2026-07-14T07:48:24.9828210Z Image Release: https://github.com/actions/runner-images/releases/tag/macos-15-arm64%2F20260706.0213
2026-07-14T07:48:24.9828860Z ##[endgroup]
2026-07-14T07:48:24.9829660Z ##[group]GITHUB_TOKEN Permissions
2026-07-14T07:48:24.9831070Z Contents: read
2026-07-14T07:48:24.9831460Z Metadata: read
2026-07-14T07:48:24.9831800Z Packages: read
2026-07-14T07:48:24.9832160Z ##[endgroup]
2026-07-14T07:48:24.9833700Z Secret source: Actions
2026-07-14T07:48:24.9834170Z Prepare workflow directory
2026-07-14T07:48:25.0189570Z Prepare all required actions
2026-07-14T07:48:25.0246670Z Getting action download info
2026-07-14T07:48:25.3284860Z Download action repository 'actions/checkout@v4' (SHA:34e114876b0b11c390a56381ad16ebd13914f8d5)
2026-07-14T07:48:25.6682190Z Download action repository 'actions/upload-artifact@v4' (SHA:ea165f8d65b6e75b540449e92b4886f43607fa02)
2026-07-14T07:48:25.9597000Z Complete job name: benchmark
2026-07-14T07:48:26.0064920Z Node 20 is being deprecated. This workflow is running with Node 24 by default. If you need to temporarily use Node 20, you can set the ACTIONS_ALLOW_USE_UNSECURE_NODE_VERSION=true environment variable. For more information see: https://github.blog/changelog/2025-09-19-deprecation-of-node-20-on-github-actions-runners/
2026-07-14T07:48:26.0071990Z ##[group]Run actions/checkout@v4
2026-07-14T07:48:26.0072470Z with:
2026-07-14T07:48:26.0073170Z   repository: leetn9468/OpenDraw
2026-07-14T07:48:26.0075950Z   token: ***
2026-07-14T07:48:26.0076270Z   ssh-strict: true
2026-07-14T07:48:26.0076590Z   ssh-user: git
2026-07-14T07:48:26.0076910Z   persist-credentials: true
2026-07-14T07:48:26.0077260Z   clean: true
2026-07-14T07:48:26.0077580Z   sparse-checkout-cone-mode: true
2026-07-14T07:48:26.0077960Z   fetch-depth: 1
2026-07-14T07:48:26.0078260Z   fetch-tags: false
2026-07-14T07:48:26.0078590Z   show-progress: true
2026-07-14T07:48:26.0078910Z   lfs: false
2026-07-14T07:48:26.0079260Z   submodules: false
2026-07-14T07:48:26.0079590Z   set-safe-directory: true
2026-07-14T07:48:26.0080570Z ##[endgroup]
2026-07-14T07:48:26.4723270Z Syncing repository: leetn9468/OpenDraw
2026-07-14T07:48:26.4725060Z ##[group]Getting Git version info
2026-07-14T07:48:26.4725690Z Working directory is '/Users/runner/work/OpenDraw/OpenDraw'
2026-07-14T07:48:26.4736760Z [command]/opt/homebrew/bin/git version
2026-07-14T07:48:26.5158890Z git version 2.55.0
2026-07-14T07:48:26.5171090Z ##[endgroup]
2026-07-14T07:48:26.5182860Z Copying '/Users/runner/.gitconfig' to '/Users/runner/work/_temp/68ee79ef-a5ed-4f32-a5ba-8a0d6ae2b56d/.gitconfig'
2026-07-14T07:48:26.5194490Z Temporarily overriding HOME='/Users/runner/work/_temp/68ee79ef-a5ed-4f32-a5ba-8a0d6ae2b56d' before making global git config changes
2026-07-14T07:48:26.5198510Z Adding repository directory to the temporary git global config as a safe directory
2026-07-14T07:48:26.5199790Z [command]/opt/homebrew/bin/git config --global --add safe.directory /Users/runner/work/OpenDraw/OpenDraw
2026-07-14T07:48:26.5410620Z Deleting the contents of '/Users/runner/work/OpenDraw/OpenDraw'
2026-07-14T07:48:26.5417430Z ##[group]Initializing the repository
2026-07-14T07:48:26.5425850Z [command]/opt/homebrew/bin/git init /Users/runner/work/OpenDraw/OpenDraw
2026-07-14T07:48:26.5813110Z hint: Using 'master' as the name for the initial branch. This default branch name
2026-07-14T07:48:26.5815920Z hint: will change to "main" in Git 3.0. To configure the initial branch name
2026-07-14T07:48:26.5818710Z hint: to use in all of your new repositories, which will suppress this warning,
2026-07-14T07:48:26.5820610Z hint: call:
2026-07-14T07:48:26.5822700Z hint:
2026-07-14T07:48:26.5824110Z hint: 	git config --global init.defaultBranch <name>
2026-07-14T07:48:26.5826270Z hint:
2026-07-14T07:48:26.5827700Z hint: Names commonly chosen instead of 'master' are 'main', 'trunk' and
2026-07-14T07:48:26.5830430Z hint: 'development'. The just-created branch can be renamed via this command:
2026-07-14T07:48:26.5832300Z hint:
2026-07-14T07:48:26.5833880Z hint: 	git branch -m <name>
2026-07-14T07:48:26.5835320Z hint:
2026-07-14T07:48:26.5837040Z hint: Disable this message with "git config set advice.defaultBranchName false"
2026-07-14T07:48:26.5840170Z Initialized empty Git repository in /Users/runner/work/OpenDraw/OpenDraw/.git/
2026-07-14T07:48:26.5845230Z [command]/opt/homebrew/bin/git remote add origin https://github.com/leetn9468/OpenDraw
2026-07-14T07:48:26.5921510Z ##[endgroup]
2026-07-14T07:48:26.5923720Z ##[group]Disabling automatic garbage collection
2026-07-14T07:48:26.5925600Z [command]/opt/homebrew/bin/git config --local gc.auto 0
2026-07-14T07:48:26.5991660Z ##[endgroup]
2026-07-14T07:48:26.5993420Z ##[group]Setting up auth
2026-07-14T07:48:26.5996760Z [command]/opt/homebrew/bin/git config --local --name-only --get-regexp core\.sshCommand
2026-07-14T07:48:26.6069350Z [command]/opt/homebrew/bin/git submodule foreach --recursive sh -c "git config --local --name-only --get-regexp 'core\.sshCommand' && git config --local --unset-all 'core.sshCommand' || :"
2026-07-14T07:48:26.7505960Z [command]/opt/homebrew/bin/git config --local --name-only --get-regexp http\.https\:\/\/github\.com\/\.extraheader
2026-07-14T07:48:26.7632140Z [command]/opt/homebrew/bin/git submodule foreach --recursive sh -c "git config --local --name-only --get-regexp 'http\.https\:\/\/github\.com\/\.extraheader' && git config --local --unset-all 'http.https://github.com/.extraheader' || :"
2026-07-14T07:48:26.9108780Z [command]/opt/homebrew/bin/git config --local --name-only --get-regexp ^includeIf\.gitdir:
2026-07-14T07:48:26.9192460Z [command]/opt/homebrew/bin/git submodule foreach --recursive git config --local --show-origin --name-only --get-regexp remote.origin.url
2026-07-14T07:48:27.0286640Z [command]/opt/homebrew/bin/git config --local http.https://github.com/.extraheader AUTHORIZATION: basic ***
2026-07-14T07:48:27.0362980Z ##[endgroup]
2026-07-14T07:48:27.0366270Z ##[group]Fetching the repository
2026-07-14T07:48:27.0379980Z [command]/opt/homebrew/bin/git -c protocol.version=2 fetch --no-tags --prune --no-recurse-submodules --depth=1 origin +834526c027fd87ae1fa3b2d5fc33d32c0ab9929e:refs/remotes/origin/remediation/pre-phase5
2026-07-14T07:48:27.9497850Z From https://github.com/leetn9468/OpenDraw
2026-07-14T07:48:27.9504180Z  * [new ref]         834526c027fd87ae1fa3b2d5fc33d32c0ab9929e -> origin/remediation/pre-phase5
2026-07-14T07:48:27.9515000Z ##[endgroup]
2026-07-14T07:48:27.9518140Z ##[group]Determining the checkout info
2026-07-14T07:48:27.9522310Z ##[endgroup]
2026-07-14T07:48:27.9525260Z [command]/opt/homebrew/bin/git sparse-checkout disable
2026-07-14T07:48:27.9606040Z [command]/opt/homebrew/bin/git config --local --unset-all extensions.worktreeConfig
2026-07-14T07:48:27.9690630Z ##[group]Checking out the ref
2026-07-14T07:48:27.9694540Z [command]/opt/homebrew/bin/git checkout --progress --force -B remediation/pre-phase5 refs/remotes/origin/remediation/pre-phase5
2026-07-14T07:48:28.0136130Z Switched to a new branch 'remediation/pre-phase5'
2026-07-14T07:48:28.0176820Z branch 'remediation/pre-phase5' set up to track 'origin/remediation/pre-phase5'.
2026-07-14T07:48:28.0291550Z ##[endgroup]
2026-07-14T07:48:28.0352530Z [command]/opt/homebrew/bin/git log -1 --format=%H
2026-07-14T07:48:28.0456160Z 834526c027fd87ae1fa3b2d5fc33d32c0ab9929e
2026-07-14T07:48:28.0715540Z ##[group]Run scripts/run-render-benchmark.sh benchmark.txt
2026-07-14T07:48:28.0716960Z [36;1mscripts/run-render-benchmark.sh benchmark.txt[0m
2026-07-14T07:48:28.0787140Z shell: /bin/bash -e {0}
2026-07-14T07:48:28.0788130Z ##[endgroup]
2026-07-14T07:49:05.3440090Z BENCH_METADATA warmup_frames=60 measured_frames=300 production_paths=true
2026-07-14T07:49:05.3450190Z BENCH-1 drag: p50 6.146 ms | p95 14.986 ms | max 50.656 ms
2026-07-14T07:49:05.3450630Z BENCH-2 pan: p50 0.100 ms | p95 0.315 ms | max 0.489 ms
2026-07-14T07:49:05.3454530Z BENCH-2b forced-exposure pan: p50 6.053 ms | p95 14.632 ms | max 132.272 ms
2026-07-14T07:49:05.3638240Z BENCH-2b strip_redraw_frames=360 nonzero_every_frame=true
2026-07-14T07:49:05.3642870Z BENCH-3 zoom: p50 2.916 ms | p95 11.921 ms | max 31.388 ms
2026-07-14T07:49:05.3644570Z BENCH-3 settle: 2.935 ms
2026-07-14T07:49:05.3645240Z BENCH-4 cold-open: 15.827 ms
2026-07-14T07:49:05.3646530Z Warm full redraw: 4.402 ms
2026-07-14T07:49:05.3869580Z ##[group]Run scripts/test-benchmark-regression-gate.sh
2026-07-14T07:49:05.3870070Z [36;1mscripts/test-benchmark-regression-gate.sh[0m
2026-07-14T07:49:05.4172610Z shell: /bin/bash -e {0}
2026-07-14T07:49:05.4173050Z ##[endgroup]
2026-07-14T07:49:05.7931380Z bench1_p95 baseline_ms=5.324 observed_ms=5.300 ratio=0.995492 allowed_ratio=1.25 result=PASS
2026-07-14T07:49:05.8725630Z bench2_p95 baseline_ms=0.109 observed_ms=0.100 ratio=0.917431 allowed_ratio=1.25 result=PASS
2026-07-14T07:49:05.9469960Z bench2b_p95 baseline_ms=5.831 observed_ms=5.700 ratio=0.977534 allowed_ratio=1.25 result=PASS
2026-07-14T07:49:06.0074720Z bench3_p95 baseline_ms=8.853 observed_ms=8.700 ratio=0.982718 allowed_ratio=1.25 result=PASS
2026-07-14T07:49:06.0692750Z bench3_settle baseline_ms=2.778 observed_ms=2.700 ratio=0.971922 allowed_ratio=1.25 result=PASS
2026-07-14T07:49:06.1353590Z bench1_p95 baseline_ms=5.324 observed_ms=6.655 ratio=1.250000 allowed_ratio=1.25 result=PASS
2026-07-14T07:49:06.1966430Z bench2_p95 baseline_ms=0.109 observed_ms=0.13625 ratio=1.250000 allowed_ratio=1.25 result=PASS
2026-07-14T07:49:06.2580250Z bench2b_p95 baseline_ms=5.831 observed_ms=7.28875 ratio=1.250000 allowed_ratio=1.25 result=PASS
2026-07-14T07:49:06.3176430Z bench3_p95 baseline_ms=8.853 observed_ms=11.06625 ratio=1.250000 allowed_ratio=1.25 result=PASS
2026-07-14T07:49:06.3871450Z bench3_settle baseline_ms=2.778 observed_ms=3.4725 ratio=1.250000 allowed_ratio=1.25 result=PASS
2026-07-14T07:49:06.4683630Z bench1_p95 baseline_ms=5.324 observed_ms=7.000 ratio=1.314801 allowed_ratio=1.25 result=FAIL
2026-07-14T07:49:06.5192930Z bench2_p95 baseline_ms=0.109 observed_ms=0.100 ratio=0.917431 allowed_ratio=1.25 result=PASS
2026-07-14T07:49:06.5618640Z bench2b_p95 baseline_ms=5.831 observed_ms=5.700 ratio=0.977534 allowed_ratio=1.25 result=PASS
2026-07-14T07:49:06.6308570Z bench3_p95 baseline_ms=8.853 observed_ms=8.700 ratio=0.982718 allowed_ratio=1.25 result=PASS
2026-07-14T07:49:06.6819060Z bench3_settle baseline_ms=2.778 observed_ms=2.700 ratio=0.971922 allowed_ratio=1.25 result=PASS
2026-07-14T07:49:06.7141980Z scripts/test-benchmark-regression-gate.sh: line 15: rg: command not found
2026-07-14T07:49:06.7194660Z ##[error]Process completed with exit code 127.
2026-07-14T07:49:06.7278810Z Node 20 is being deprecated. This workflow is running with Node 24 by default. If you need to temporarily use Node 20, you can set the ACTIONS_ALLOW_USE_UNSECURE_NODE_VERSION=true environment variable. For more information see: https://github.blog/changelog/2025-09-19-deprecation-of-node-20-on-github-actions-runners/
2026-07-14T07:49:06.7280400Z ##[group]Run actions/upload-artifact@v4
2026-07-14T07:49:06.7280670Z with:
2026-07-14T07:49:06.7280890Z   name: benchmark-results
2026-07-14T07:49:06.7281140Z   path: benchmark.txt
2026-07-14T07:49:06.7292080Z   if-no-files-found: warn
2026-07-14T07:49:06.7292380Z   compression-level: 6
2026-07-14T07:49:06.7292710Z   overwrite: false
2026-07-14T07:49:06.7292950Z   include-hidden-files: false
2026-07-14T07:49:06.7293280Z ##[endgroup]
2026-07-14T07:49:07.2063800Z (node:4653) [DEP0040] DeprecationWarning: The `punycode` module is deprecated. Please use a userland alternative instead.
2026-07-14T07:49:07.2065650Z (Use `node --trace-deprecation ...` to show where the warning was created)
2026-07-14T07:49:07.2270820Z With the provided path, there will be 1 file uploaded
2026-07-14T07:49:07.2278740Z Artifact name is valid!
2026-07-14T07:49:07.2282320Z Root directory input is valid!
2026-07-14T07:49:07.6730980Z Beginning upload of artifact content to blob storage
2026-07-14T07:49:07.6964200Z (node:4653) [DEP0169] DeprecationWarning: `url.parse()` behavior is not standardized and prone to errors that have security implications. Use the WHATWG URL API instead. CVEs are not issued for `url.parse()` vulnerabilities.
2026-07-14T07:49:07.8989480Z Uploaded bytes 561
2026-07-14T07:49:07.9452260Z Finished uploading artifact content to blob storage!
2026-07-14T07:49:07.9461750Z SHA256 digest of uploaded artifact zip is fc16127157bce23ce3aace15b41e1ee035b617aeabfae0e448f0cd527041aef9
2026-07-14T07:49:07.9462830Z Finalizing artifact upload
2026-07-14T07:49:08.1731440Z Artifact benchmark-results.zip successfully finalized. Artifact ID 8303892350
2026-07-14T07:49:08.1733620Z Artifact benchmark-results has been successfully uploaded! Final size is 561 bytes. Artifact ID is 8303892350
2026-07-14T07:49:08.1759820Z Artifact download URL: https://github.com/leetn9468/OpenDraw/actions/runs/29315797697/artifacts/8303892350
2026-07-14T07:49:08.1999170Z Node 20 is being deprecated. This workflow is running with Node 24 by default. If you need to temporarily use Node 20, you can set the ACTIONS_ALLOW_USE_UNSECURE_NODE_VERSION=true environment variable. For more information see: https://github.blog/changelog/2025-09-19-deprecation-of-node-20-on-github-actions-runners/
2026-07-14T07:49:08.2000400Z ##[group]Run actions/upload-artifact@v4
2026-07-14T07:49:08.2000740Z with:
2026-07-14T07:49:08.2000920Z   name: benchmark-comparison
2026-07-14T07:49:08.2001190Z   path: benchmark-comparison.txt
2026-07-14T07:49:08.2001480Z   if-no-files-found: warn
2026-07-14T07:49:08.2001700Z   compression-level: 6
2026-07-14T07:49:08.2001950Z   overwrite: false
2026-07-14T07:49:08.2002150Z   include-hidden-files: false
2026-07-14T07:49:08.2002460Z ##[endgroup]
2026-07-14T07:49:08.4566630Z (node:4656) [DEP0040] DeprecationWarning: The `punycode` module is deprecated. Please use a userland alternative instead.
2026-07-14T07:49:08.4568910Z (Use `node --trace-deprecation ...` to show where the warning was created)
2026-07-14T07:49:08.4617090Z ##[warning]No files were found with the provided path: benchmark-comparison.txt. No artifacts will be uploaded.
2026-07-14T07:49:08.4793840Z Node 20 is being deprecated. This workflow is running with Node 24 by default. If you need to temporarily use Node 20, you can set the ACTIONS_ALLOW_USE_UNSECURE_NODE_VERSION=true environment variable. For more information see: https://github.blog/changelog/2025-09-19-deprecation-of-node-20-on-github-actions-runners/
2026-07-14T07:49:08.4808180Z Post job cleanup.
2026-07-14T07:49:08.5922800Z [command]/opt/homebrew/bin/git version
2026-07-14T07:49:08.6024490Z git version 2.55.0
2026-07-14T07:49:08.6096540Z Copying '/Users/runner/.gitconfig' to '/Users/runner/work/_temp/b7fd1120-7779-42ef-9e11-b40322d705e2/.gitconfig'
2026-07-14T07:49:08.6107900Z Temporarily overriding HOME='/Users/runner/work/_temp/b7fd1120-7779-42ef-9e11-b40322d705e2' before making global git config changes
2026-07-14T07:49:08.6108820Z Adding repository directory to the temporary git global config as a safe directory
2026-07-14T07:49:08.6110950Z [command]/opt/homebrew/bin/git config --global --add safe.directory /Users/runner/work/OpenDraw/OpenDraw
2026-07-14T07:49:08.6262160Z [command]/opt/homebrew/bin/git config --local --name-only --get-regexp core\.sshCommand
2026-07-14T07:49:08.6388420Z [command]/opt/homebrew/bin/git submodule foreach --recursive sh -c "git config --local --name-only --get-regexp 'core\.sshCommand' && git config --local --unset-all 'core.sshCommand' || :"
2026-07-14T07:49:08.8307780Z [command]/opt/homebrew/bin/git config --local --name-only --get-regexp http\.https\:\/\/github\.com\/\.extraheader
2026-07-14T07:49:08.8432470Z http.https://github.com/.extraheader
2026-07-14T07:49:08.8449060Z [command]/opt/homebrew/bin/git config --local --unset-all http.https://github.com/.extraheader
2026-07-14T07:49:08.8648110Z [command]/opt/homebrew/bin/git submodule foreach --recursive sh -c "git config --local --name-only --get-regexp 'http\.https\:\/\/github\.com\/\.extraheader' && git config --local --unset-all 'http.https://github.com/.extraheader' || :"
2026-07-14T07:49:08.9618520Z [command]/opt/homebrew/bin/git config --local --name-only --get-regexp ^includeIf\.gitdir:
2026-07-14T07:49:08.9807290Z [command]/opt/homebrew/bin/git submodule foreach --recursive git config --local --show-origin --name-only --get-regexp remote.origin.url
2026-07-14T07:49:09.1185240Z Cleaning up orphan processes
2026-07-14T07:49:09.9776870Z ##[warning]Node.js 20 is deprecated. The following actions target Node.js 20 but are being forced to run on Node.js 24: actions/checkout@v4, actions/upload-artifact@v4. For more information see: https://github.blog/changelog/2025-09-19-deprecation-of-node-20-on-github-actions-runners/
