2026-07-14T07:48:24.8164690Z Current runner version: '2.335.1'
2026-07-14T07:48:24.8184750Z ##[group]Runner Image Provisioner
2026-07-14T07:48:24.8185420Z Hosted Compute Agent
2026-07-14T07:48:24.8185790Z Version: 20260624.560
2026-07-14T07:48:24.8186230Z Commit: 925d229a51159bc391ae97e54a2dd1fe20af789d
2026-07-14T07:48:24.8186710Z Build Date: 2026-06-24T18:26:47Z
2026-07-14T07:48:24.8187260Z Worker ID: {43af213d-7d58-4cc8-a643-ff4a76752991}
2026-07-14T07:48:24.8187740Z Azure Region: westus
2026-07-14T07:48:24.8188130Z ##[endgroup]
2026-07-14T07:48:24.8189190Z ##[group]Operating System
2026-07-14T07:48:24.8189600Z macOS
2026-07-14T07:48:24.8189940Z 15.7.7
2026-07-14T07:48:24.8190290Z 24G720
2026-07-14T07:48:24.8190620Z ##[endgroup]
2026-07-14T07:48:24.8190990Z ##[group]Runner Image
2026-07-14T07:48:24.8191420Z Image: macos-15-arm64
2026-07-14T07:48:24.8191790Z Version: 20260706.0213.1
2026-07-14T07:48:24.8192680Z Included Software: https://github.com/actions/runner-images/blob/macos-15-arm64/20260706.0213/images/macos/macos-15-arm64-Readme.md
2026-07-14T07:48:24.8193840Z Image Release: https://github.com/actions/runner-images/releases/tag/macos-15-arm64%2F20260706.0213
2026-07-14T07:48:24.8196400Z ##[endgroup]
2026-07-14T07:48:24.8197900Z ##[group]GITHUB_TOKEN Permissions
2026-07-14T07:48:24.8199930Z Contents: read
2026-07-14T07:48:24.8200280Z Metadata: read
2026-07-14T07:48:24.8200640Z Packages: read
2026-07-14T07:48:24.8200990Z ##[endgroup]
2026-07-14T07:48:24.8204270Z Secret source: Actions
2026-07-14T07:48:24.8204730Z Prepare workflow directory
2026-07-14T07:48:24.8477630Z Prepare all required actions
2026-07-14T07:48:24.8510370Z Getting action download info
2026-07-14T07:48:25.1277700Z Download action repository 'actions/checkout@v4' (SHA:34e114876b0b11c390a56381ad16ebd13914f8d5)
2026-07-14T07:48:25.6458980Z Download action repository 'actions/upload-artifact@v4' (SHA:ea165f8d65b6e75b540449e92b4886f43607fa02)
2026-07-14T07:48:25.9577090Z Complete job name: startup-memory
2026-07-14T07:48:26.0146790Z Node 20 is being deprecated. This workflow is running with Node 24 by default. If you need to temporarily use Node 20, you can set the ACTIONS_ALLOW_USE_UNSECURE_NODE_VERSION=true environment variable. For more information see: https://github.blog/changelog/2025-09-19-deprecation-of-node-20-on-github-actions-runners/
2026-07-14T07:48:26.0153510Z ##[group]Run actions/checkout@v4
2026-07-14T07:48:26.0153990Z with:
2026-07-14T07:48:26.0154330Z   repository: leetn9468/OpenDraw
2026-07-14T07:48:26.0157270Z   token: ***
2026-07-14T07:48:26.0157590Z   ssh-strict: true
2026-07-14T07:48:26.0157910Z   ssh-user: git
2026-07-14T07:48:26.0158230Z   persist-credentials: true
2026-07-14T07:48:26.0158590Z   clean: true
2026-07-14T07:48:26.0158920Z   sparse-checkout-cone-mode: true
2026-07-14T07:48:26.0159300Z   fetch-depth: 1
2026-07-14T07:48:26.0159620Z   fetch-tags: false
2026-07-14T07:48:26.0159950Z   show-progress: true
2026-07-14T07:48:26.0160270Z   lfs: false
2026-07-14T07:48:26.0160610Z   submodules: false
2026-07-14T07:48:26.0160940Z   set-safe-directory: true
2026-07-14T07:48:26.0161410Z ##[endgroup]
2026-07-14T07:48:26.7329010Z Syncing repository: leetn9468/OpenDraw
2026-07-14T07:48:26.7331640Z ##[group]Getting Git version info
2026-07-14T07:48:26.7332470Z Working directory is '/Users/runner/work/OpenDraw/OpenDraw'
2026-07-14T07:48:26.7333530Z [command]/opt/homebrew/bin/git version
2026-07-14T07:48:26.7831050Z git version 2.55.0
2026-07-14T07:48:26.7843610Z ##[endgroup]
2026-07-14T07:48:26.7870490Z Copying '/Users/runner/.gitconfig' to '/Users/runner/work/_temp/c12c88ae-4cc8-4934-b888-5c9a67afac88/.gitconfig'
2026-07-14T07:48:26.7882620Z Temporarily overriding HOME='/Users/runner/work/_temp/c12c88ae-4cc8-4934-b888-5c9a67afac88' before making global git config changes
2026-07-14T07:48:26.7885650Z Adding repository directory to the temporary git global config as a safe directory
2026-07-14T07:48:26.7889640Z [command]/opt/homebrew/bin/git config --global --add safe.directory /Users/runner/work/OpenDraw/OpenDraw
2026-07-14T07:48:26.8091140Z Deleting the contents of '/Users/runner/work/OpenDraw/OpenDraw'
2026-07-14T07:48:26.8099860Z ##[group]Initializing the repository
2026-07-14T07:48:26.8109630Z [command]/opt/homebrew/bin/git init /Users/runner/work/OpenDraw/OpenDraw
2026-07-14T07:48:26.8448740Z hint: Using 'master' as the name for the initial branch. This default branch name
2026-07-14T07:48:26.8452780Z hint: will change to "main" in Git 3.0. To configure the initial branch name
2026-07-14T07:48:26.8455290Z hint: to use in all of your new repositories, which will suppress this warning,
2026-07-14T07:48:26.8456400Z hint: call:
2026-07-14T07:48:26.8457070Z hint:
2026-07-14T07:48:26.8458600Z hint: 	git config --global init.defaultBranch <name>
2026-07-14T07:48:26.8459200Z hint:
2026-07-14T07:48:26.8459890Z hint: Names commonly chosen instead of 'master' are 'main', 'trunk' and
2026-07-14T07:48:26.8460850Z hint: 'development'. The just-created branch can be renamed via this command:
2026-07-14T07:48:26.8461720Z hint:
2026-07-14T07:48:26.8462160Z hint: 	git branch -m <name>
2026-07-14T07:48:26.8462790Z hint:
2026-07-14T07:48:26.8463330Z hint: Disable this message with "git config set advice.defaultBranchName false"
2026-07-14T07:48:26.8468430Z Initialized empty Git repository in /Users/runner/work/OpenDraw/OpenDraw/.git/
2026-07-14T07:48:26.8476520Z [command]/opt/homebrew/bin/git remote add origin https://github.com/leetn9468/OpenDraw
2026-07-14T07:48:26.8575840Z ##[endgroup]
2026-07-14T07:48:26.8577090Z ##[group]Disabling automatic garbage collection
2026-07-14T07:48:26.8579260Z [command]/opt/homebrew/bin/git config --local gc.auto 0
2026-07-14T07:48:26.8708660Z ##[endgroup]
2026-07-14T07:48:26.8710660Z ##[group]Setting up auth
2026-07-14T07:48:26.8712860Z [command]/opt/homebrew/bin/git config --local --name-only --get-regexp core\.sshCommand
2026-07-14T07:48:26.8797360Z [command]/opt/homebrew/bin/git submodule foreach --recursive sh -c "git config --local --name-only --get-regexp 'core\.sshCommand' && git config --local --unset-all 'core.sshCommand' || :"
2026-07-14T07:48:27.0305530Z [command]/opt/homebrew/bin/git config --local --name-only --get-regexp http\.https\:\/\/github\.com\/\.extraheader
2026-07-14T07:48:27.0444380Z [command]/opt/homebrew/bin/git submodule foreach --recursive sh -c "git config --local --name-only --get-regexp 'http\.https\:\/\/github\.com\/\.extraheader' && git config --local --unset-all 'http.https://github.com/.extraheader' || :"
2026-07-14T07:48:27.1878730Z [command]/opt/homebrew/bin/git config --local --name-only --get-regexp ^includeIf\.gitdir:
2026-07-14T07:48:27.1885660Z [command]/opt/homebrew/bin/git submodule foreach --recursive git config --local --show-origin --name-only --get-regexp remote.origin.url
2026-07-14T07:48:27.3651370Z [command]/opt/homebrew/bin/git config --local http.https://github.com/.extraheader AUTHORIZATION: basic ***
2026-07-14T07:48:27.3959810Z ##[endgroup]
2026-07-14T07:48:27.4017600Z ##[group]Fetching the repository
2026-07-14T07:48:27.4021950Z [command]/opt/homebrew/bin/git -c protocol.version=2 fetch --no-tags --prune --no-recurse-submodules --depth=1 origin +834526c027fd87ae1fa3b2d5fc33d32c0ab9929e:refs/remotes/origin/remediation/pre-phase5
2026-07-14T07:48:28.2051400Z From https://github.com/leetn9468/OpenDraw
2026-07-14T07:48:28.2054140Z  * [new ref]         834526c027fd87ae1fa3b2d5fc33d32c0ab9929e -> origin/remediation/pre-phase5
2026-07-14T07:48:28.2059760Z ##[endgroup]
2026-07-14T07:48:28.2061750Z ##[group]Determining the checkout info
2026-07-14T07:48:28.2063930Z ##[endgroup]
2026-07-14T07:48:28.2069830Z [command]/opt/homebrew/bin/git sparse-checkout disable
2026-07-14T07:48:28.2235380Z [command]/opt/homebrew/bin/git config --local --unset-all extensions.worktreeConfig
2026-07-14T07:48:28.2309770Z ##[group]Checking out the ref
2026-07-14T07:48:28.2314690Z [command]/opt/homebrew/bin/git checkout --progress --force -B remediation/pre-phase5 refs/remotes/origin/remediation/pre-phase5
2026-07-14T07:48:28.2836070Z Switched to a new branch 'remediation/pre-phase5'
2026-07-14T07:48:28.2940230Z branch 'remediation/pre-phase5' set up to track 'origin/remediation/pre-phase5'.
2026-07-14T07:48:28.3349190Z ##[endgroup]
2026-07-14T07:48:28.3533630Z [command]/opt/homebrew/bin/git log -1 --format=%H
2026-07-14T07:48:28.3583510Z 834526c027fd87ae1fa3b2d5fc33d32c0ab9929e
2026-07-14T07:48:28.3757810Z ##[group]Run scripts/check-startup-p95.sh 20 artifacts/r4/startup-p95.txt
2026-07-14T07:48:28.3759430Z [36;1mscripts/check-startup-p95.sh 20 artifacts/r4/startup-p95.txt[0m
2026-07-14T07:48:28.3830720Z shell: /bin/bash -e {0}
2026-07-14T07:48:28.3831480Z ##[endgroup]
2026-07-14T07:49:06.3657490Z summary samples=20 p50_ms=163.186 p95_ms=234.344 max_ms=808.790 target_ms=2000 result=PASS
2026-07-14T07:49:06.3994610Z ##[group]Run scripts/check-peak-memory.sh artifacts/r4/peak-memory.txt
2026-07-14T07:49:06.3995190Z [36;1mscripts/check-peak-memory.sh artifacts/r4/peak-memory.txt[0m
2026-07-14T07:49:06.4116410Z shell: /bin/bash -e {0}
2026-07-14T07:49:06.4117000Z ##[endgroup]
2026-07-14T07:49:10.5599300Z R4_MEMORY_SCENARIO=settle objects=1000 anchors=10000 decodedImages=10 decodedPixels=50000000 extraBytes=0
2026-07-14T07:49:10.5909240Z settle peak_bytes=214351872 limit_bytes=524288000 result=PASS
2026-07-14T07:49:10.9590000Z R4_MEMORY_SCENARIO=export objects=1000 anchors=10000 decodedImages=10 decodedPixels=50000000 extraBytes=0
2026-07-14T07:49:10.9851410Z export peak_bytes=223985664 limit_bytes=681574400 result=PASS
2026-07-14T07:49:11.0186990Z ##[group]Run scripts/test-peak-memory-gate.sh artifacts/r4/peak-memory-failure-fixture.txt
2026-07-14T07:49:11.0187710Z [36;1mscripts/test-peak-memory-gate.sh artifacts/r4/peak-memory-failure-fixture.txt[0m
2026-07-14T07:49:11.0249490Z shell: /bin/bash -e {0}
2026-07-14T07:49:11.0250450Z ##[endgroup]
2026-07-14T07:49:14.0211810Z R4_MEMORY_SCENARIO=settle objects=1000 anchors=10000 decodedImages=10 decodedPixels=50000000 extraBytes=576716800
2026-07-14T07:49:14.0376960Z settle peak_bytes=709771264 limit_bytes=524288000 result=FAIL
2026-07-14T07:49:14.0728090Z scripts/test-peak-memory-gate.sh: line 10: rg: command not found
2026-07-14T07:49:14.0755130Z ##[error]Process completed with exit code 127.
2026-07-14T07:49:14.0933210Z Node 20 is being deprecated. This workflow is running with Node 24 by default. If you need to temporarily use Node 20, you can set the ACTIONS_ALLOW_USE_UNSECURE_NODE_VERSION=true environment variable. For more information see: https://github.blog/changelog/2025-09-19-deprecation-of-node-20-on-github-actions-runners/
2026-07-14T07:49:14.0934740Z ##[group]Run actions/upload-artifact@v4
2026-07-14T07:49:14.0935180Z with:
2026-07-14T07:49:14.0935380Z   name: startup-memory-results
2026-07-14T07:49:14.0935750Z   path: artifacts/r4
2026-07-14T07:49:14.0936060Z   if-no-files-found: warn
2026-07-14T07:49:14.0936440Z   compression-level: 6
2026-07-14T07:49:14.0936670Z   overwrite: false
2026-07-14T07:49:14.0937140Z   include-hidden-files: false
2026-07-14T07:49:14.0937450Z ##[endgroup]
2026-07-14T07:49:14.6091000Z (node:10093) [DEP0040] DeprecationWarning: The `punycode` module is deprecated. Please use a userland alternative instead.
2026-07-14T07:49:14.6091970Z (Use `node --trace-deprecation ...` to show where the warning was created)
2026-07-14T07:49:14.6414070Z With the provided path, there will be 32 files uploaded
2026-07-14T07:49:14.6414610Z Artifact name is valid!
2026-07-14T07:49:14.6414870Z Root directory input is valid!
2026-07-14T07:49:14.9218100Z Beginning upload of artifact content to blob storage
2026-07-14T07:49:15.0016100Z (node:10093) [DEP0169] DeprecationWarning: `url.parse()` behavior is not standardized and prone to errors that have security implications. Use the WHATWG URL API instead. CVEs are not issued for `url.parse()` vulnerabilities.
2026-07-14T07:49:15.2059810Z Uploaded bytes 31695
2026-07-14T07:49:15.2533210Z Finished uploading artifact content to blob storage!
2026-07-14T07:49:15.2534860Z SHA256 digest of uploaded artifact zip is d0bccaca9a9264ba2648c2ad5b6b5fd4b6634dc25bbf64adc0a8c4d7dd80b249
2026-07-14T07:49:15.2536190Z Finalizing artifact upload
2026-07-14T07:49:15.4555430Z Artifact startup-memory-results.zip successfully finalized. Artifact ID 8303895184
2026-07-14T07:49:15.4556480Z Artifact startup-memory-results has been successfully uploaded! Final size is 31695 bytes. Artifact ID is 8303895184
2026-07-14T07:49:15.4567270Z Artifact download URL: https://github.com/leetn9468/OpenDraw/actions/runs/29315797697/artifacts/8303895184
2026-07-14T07:49:15.4832960Z Node 20 is being deprecated. This workflow is running with Node 24 by default. If you need to temporarily use Node 20, you can set the ACTIONS_ALLOW_USE_UNSECURE_NODE_VERSION=true environment variable. For more information see: https://github.blog/changelog/2025-09-19-deprecation-of-node-20-on-github-actions-runners/
2026-07-14T07:49:15.4834030Z Post job cleanup.
2026-07-14T07:49:15.6335480Z [command]/opt/homebrew/bin/git version
2026-07-14T07:49:15.6428700Z git version 2.55.0
2026-07-14T07:49:15.6447980Z Copying '/Users/runner/.gitconfig' to '/Users/runner/work/_temp/648f59c7-77a9-4d53-88d8-604845d9de8a/.gitconfig'
2026-07-14T07:49:15.6456720Z Temporarily overriding HOME='/Users/runner/work/_temp/648f59c7-77a9-4d53-88d8-604845d9de8a' before making global git config changes
2026-07-14T07:49:15.6458290Z Adding repository directory to the temporary git global config as a safe directory
2026-07-14T07:49:15.6460640Z [command]/opt/homebrew/bin/git config --global --add safe.directory /Users/runner/work/OpenDraw/OpenDraw
2026-07-14T07:49:15.6539620Z [command]/opt/homebrew/bin/git config --local --name-only --get-regexp core\.sshCommand
2026-07-14T07:49:15.6607220Z [command]/opt/homebrew/bin/git submodule foreach --recursive sh -c "git config --local --name-only --get-regexp 'core\.sshCommand' && git config --local --unset-all 'core.sshCommand' || :"
2026-07-14T07:49:15.7790080Z [command]/opt/homebrew/bin/git config --local --name-only --get-regexp http\.https\:\/\/github\.com\/\.extraheader
2026-07-14T07:49:15.7862150Z http.https://github.com/.extraheader
2026-07-14T07:49:15.7891320Z [command]/opt/homebrew/bin/git config --local --unset-all http.https://github.com/.extraheader
2026-07-14T07:49:15.7948340Z [command]/opt/homebrew/bin/git submodule foreach --recursive sh -c "git config --local --name-only --get-regexp 'http\.https\:\/\/github\.com\/\.extraheader' && git config --local --unset-all 'http.https://github.com/.extraheader' || :"
2026-07-14T07:49:15.9361610Z [command]/opt/homebrew/bin/git config --local --name-only --get-regexp ^includeIf\.gitdir:
2026-07-14T07:49:15.9431980Z [command]/opt/homebrew/bin/git submodule foreach --recursive git config --local --show-origin --name-only --get-regexp remote.origin.url
2026-07-14T07:49:16.0656020Z Cleaning up orphan processes
2026-07-14T07:49:16.4185300Z ##[warning]Node.js 20 is deprecated. The following actions target Node.js 20 but are being forced to run on Node.js 24: actions/checkout@v4, actions/upload-artifact@v4. For more information see: https://github.blog/changelog/2025-09-19-deprecation-of-node-20-on-github-actions-runners/
