2026-07-14T10:57:32.9565830Z Current runner version: '2.335.1'
2026-07-14T10:57:32.9581980Z ##[group]Runner Image Provisioner
2026-07-14T10:57:32.9582520Z Hosted Compute Agent
2026-07-14T10:57:32.9582870Z Version: 20260624.560
2026-07-14T10:57:32.9583260Z Commit: 925d229a51159bc391ae97e54a2dd1fe20af789d
2026-07-14T10:57:32.9583710Z Build Date: 2026-06-24T18:26:47Z
2026-07-14T10:57:32.9584130Z Worker ID: {8adfc192-c6bf-4f2c-8cd2-e83262af0dc5}
2026-07-14T10:57:32.9584570Z Azure Region: westus
2026-07-14T10:57:32.9584930Z ##[endgroup]
2026-07-14T10:57:32.9585760Z ##[group]Operating System
2026-07-14T10:57:32.9586130Z macOS
2026-07-14T10:57:32.9586440Z 15.7.7
2026-07-14T10:57:32.9586740Z 24G720
2026-07-14T10:57:32.9587060Z ##[endgroup]
2026-07-14T10:57:32.9587390Z ##[group]Runner Image
2026-07-14T10:57:32.9587750Z Image: macos-15-arm64
2026-07-14T10:57:32.9588090Z Version: 20260706.0213.1
2026-07-14T10:57:32.9588890Z Included Software: https://github.com/actions/runner-images/blob/macos-15-arm64/20260706.0213/images/macos/macos-15-arm64-Readme.md
2026-07-14T10:57:32.9589890Z Image Release: https://github.com/actions/runner-images/releases/tag/macos-15-arm64%2F20260706.0213
2026-07-14T10:57:32.9590520Z ##[endgroup]
2026-07-14T10:57:32.9591450Z ##[group]GITHUB_TOKEN Permissions
2026-07-14T10:57:32.9592510Z Contents: read
2026-07-14T10:57:32.9592850Z Metadata: read
2026-07-14T10:57:32.9593180Z Packages: read
2026-07-14T10:57:32.9593510Z ##[endgroup]
2026-07-14T10:57:32.9594800Z Secret source: Actions
2026-07-14T10:57:32.9595240Z Prepare workflow directory
2026-07-14T10:57:32.9805800Z Prepare all required actions
2026-07-14T10:57:32.9833920Z Getting action download info
2026-07-14T10:57:33.3547530Z Download action repository 'actions/checkout@v6' (SHA:df4cb1c069e1874edd31b4311f1884172cec0e10)
2026-07-14T10:57:33.5493230Z Download action repository 'actions/upload-artifact@v7' (SHA:043fb46d1a93c77aae656e7c1c64a875d1fc6a0a)
2026-07-14T10:57:33.7027030Z Complete job name: startup-memory
2026-07-14T10:57:33.7522540Z ##[group]Run actions/checkout@v6
2026-07-14T10:57:33.7523190Z with:
2026-07-14T10:57:33.7523570Z   repository: leetn9468/OpenDraw
2026-07-14T10:57:33.7526460Z   token: ***
2026-07-14T10:57:33.7526780Z   ssh-strict: true
2026-07-14T10:57:33.7527360Z   ssh-user: git
2026-07-14T10:57:33.7527710Z   persist-credentials: true
2026-07-14T10:57:33.7528080Z   clean: true
2026-07-14T10:57:33.7528400Z   sparse-checkout-cone-mode: true
2026-07-14T10:57:33.7528780Z   fetch-depth: 1
2026-07-14T10:57:33.7529090Z   fetch-tags: false
2026-07-14T10:57:33.7529420Z   show-progress: true
2026-07-14T10:57:33.7529740Z   lfs: false
2026-07-14T10:57:33.7530040Z   submodules: false
2026-07-14T10:57:33.7530360Z   set-safe-directory: true
2026-07-14T10:57:33.7531020Z ##[endgroup]
2026-07-14T10:57:34.0636850Z Syncing repository: leetn9468/OpenDraw
2026-07-14T10:57:34.0638140Z ##[group]Getting Git version info
2026-07-14T10:57:34.0638640Z Working directory is '/Users/runner/work/OpenDraw/OpenDraw'
2026-07-14T10:57:34.0639430Z [command]/opt/homebrew/bin/git version
2026-07-14T10:57:34.0869600Z git version 2.55.0
2026-07-14T10:57:34.0883620Z ##[endgroup]
2026-07-14T10:57:34.0889490Z Copying '/Users/runner/.gitconfig' to '/Users/runner/work/_temp/22ea046c-40eb-4ada-b38e-4d3b10d378d2/.gitconfig'
2026-07-14T10:57:34.0895900Z Temporarily overriding HOME='/Users/runner/work/_temp/22ea046c-40eb-4ada-b38e-4d3b10d378d2' before making global git config changes
2026-07-14T10:57:34.0897180Z Adding repository directory to the temporary git global config as a safe directory
2026-07-14T10:57:34.0899440Z [command]/opt/homebrew/bin/git config --global --add safe.directory /Users/runner/work/OpenDraw/OpenDraw
2026-07-14T10:57:34.0995040Z Deleting the contents of '/Users/runner/work/OpenDraw/OpenDraw'
2026-07-14T10:57:34.0997670Z ##[group]Determining repository object format
2026-07-14T10:57:34.0998920Z ##[endgroup]
2026-07-14T10:57:34.0999490Z ##[group]Initializing the repository
2026-07-14T10:57:34.1002340Z [command]/opt/homebrew/bin/git init /Users/runner/work/OpenDraw/OpenDraw
2026-07-14T10:57:34.1192030Z hint: Using 'master' as the name for the initial branch. This default branch name
2026-07-14T10:57:34.1192920Z hint: will change to "main" in Git 3.0. To configure the initial branch name
2026-07-14T10:57:34.1193810Z hint: to use in all of your new repositories, which will suppress this warning,
2026-07-14T10:57:34.1194500Z hint: call:
2026-07-14T10:57:34.1195660Z hint:
2026-07-14T10:57:34.1196200Z hint: 	git config --global init.defaultBranch <name>
2026-07-14T10:57:34.1196710Z hint:
2026-07-14T10:57:34.1197550Z hint: Names commonly chosen instead of 'master' are 'main', 'trunk' and
2026-07-14T10:57:34.1199510Z hint: 'development'. The just-created branch can be renamed via this command:
2026-07-14T10:57:34.1200570Z hint:
2026-07-14T10:57:34.1201300Z hint: 	git branch -m <name>
2026-07-14T10:57:34.1201880Z hint:
2026-07-14T10:57:34.1203170Z hint: Disable this message with "git config set advice.defaultBranchName false"
2026-07-14T10:57:34.1204650Z Initialized empty Git repository in /Users/runner/work/OpenDraw/OpenDraw/.git/
2026-07-14T10:57:34.1206470Z [command]/opt/homebrew/bin/git remote add origin https://github.com/leetn9468/OpenDraw
2026-07-14T10:57:34.1269640Z ##[endgroup]
2026-07-14T10:57:34.1270270Z ##[group]Disabling automatic garbage collection
2026-07-14T10:57:34.1271510Z [command]/opt/homebrew/bin/git config --local gc.auto 0
2026-07-14T10:57:34.1329230Z ##[endgroup]
2026-07-14T10:57:34.1329840Z ##[group]Setting up auth
2026-07-14T10:57:34.1330270Z Removing SSH command configuration
2026-07-14T10:57:34.1333120Z [command]/opt/homebrew/bin/git config --local --name-only --get-regexp core\.sshCommand
2026-07-14T10:57:34.1393350Z [command]/opt/homebrew/bin/git submodule foreach --recursive sh -c "git config --local --name-only --get-regexp 'core\.sshCommand' && git config --local --unset-all 'core.sshCommand' || :"
2026-07-14T10:57:34.2239200Z Removing HTTP extra header
2026-07-14T10:57:34.2245870Z [command]/opt/homebrew/bin/git config --local --name-only --get-regexp http\.https\:\/\/github\.com\/\.extraheader
2026-07-14T10:57:34.3019660Z [command]/opt/homebrew/bin/git submodule foreach --recursive sh -c "git config --local --name-only --get-regexp 'http\.https\:\/\/github\.com\/\.extraheader' && git config --local --unset-all 'http.https://github.com/.extraheader' || :"
2026-07-14T10:57:34.4252340Z Removing includeIf entries pointing to credentials config files
2026-07-14T10:57:34.4255910Z [command]/opt/homebrew/bin/git config --local --name-only --get-regexp ^includeIf\.gitdir:
2026-07-14T10:57:34.4308100Z [command]/opt/homebrew/bin/git submodule foreach --recursive git config --local --show-origin --name-only --get-regexp remote.origin.url
2026-07-14T10:57:34.5243140Z [command]/opt/homebrew/bin/git config --file /Users/runner/work/_temp/git-credentials-82f2e1ff-c0c3-4687-91f6-9581f5146680.config http.https://github.com/.extraheader AUTHORIZATION: basic ***
2026-07-14T10:57:34.5299900Z [command]/opt/homebrew/bin/git config --local includeIf.gitdir:/Users/runner/work/OpenDraw/OpenDraw/.git.path /Users/runner/work/_temp/git-credentials-82f2e1ff-c0c3-4687-91f6-9581f5146680.config
2026-07-14T10:57:34.5349910Z [command]/opt/homebrew/bin/git config --local includeIf.gitdir:/Users/runner/work/OpenDraw/OpenDraw/.git/worktrees/*.path /Users/runner/work/_temp/git-credentials-82f2e1ff-c0c3-4687-91f6-9581f5146680.config
2026-07-14T10:57:34.5398090Z [command]/opt/homebrew/bin/git config --local includeIf.gitdir:/github/workspace/.git.path /github/runner_temp/git-credentials-82f2e1ff-c0c3-4687-91f6-9581f5146680.config
2026-07-14T10:57:34.5454350Z [command]/opt/homebrew/bin/git config --local includeIf.gitdir:/github/workspace/.git/worktrees/*.path /github/runner_temp/git-credentials-82f2e1ff-c0c3-4687-91f6-9581f5146680.config
2026-07-14T10:57:34.5505860Z ##[endgroup]
2026-07-14T10:57:34.5510120Z ##[group]Fetching the repository
2026-07-14T10:57:34.5511220Z [command]/opt/homebrew/bin/git -c protocol.version=2 fetch --no-tags --prune --no-recurse-submodules --depth=1 origin +8c157cbc30f1af7af1ff4e86d16024db6847e25b:refs/remotes/origin/remediation/pre-phase5
2026-07-14T10:57:35.0146950Z From https://github.com/leetn9468/OpenDraw
2026-07-14T10:57:35.0268320Z  * [new ref]         8c157cbc30f1af7af1ff4e86d16024db6847e25b -> origin/remediation/pre-phase5
2026-07-14T10:57:35.0597870Z [command]/opt/homebrew/bin/git branch --list --remote origin/remediation/pre-phase5
2026-07-14T10:57:35.0699960Z   origin/remediation/pre-phase5
2026-07-14T10:57:35.1008190Z [command]/opt/homebrew/bin/git rev-parse refs/remotes/origin/remediation/pre-phase5
2026-07-14T10:57:35.1110490Z 8c157cbc30f1af7af1ff4e86d16024db6847e25b
2026-07-14T10:57:35.1428590Z ##[endgroup]
2026-07-14T10:57:35.1531030Z ##[group]Determining the checkout info
2026-07-14T10:57:35.1633630Z ##[endgroup]
2026-07-14T10:57:35.1743320Z [command]/opt/homebrew/bin/git sparse-checkout disable
2026-07-14T10:57:35.2053070Z [command]/opt/homebrew/bin/git config --local --unset-all extensions.worktreeConfig
2026-07-14T10:57:35.2359470Z ##[group]Checking out the ref
2026-07-14T10:57:35.2462240Z [command]/opt/homebrew/bin/git checkout --progress --force -B remediation/pre-phase5 refs/remotes/origin/remediation/pre-phase5
2026-07-14T10:57:35.2565070Z Switched to a new branch 'remediation/pre-phase5'
2026-07-14T10:57:35.2667410Z branch 'remediation/pre-phase5' set up to track 'origin/remediation/pre-phase5'.
2026-07-14T10:57:35.2972100Z ##[endgroup]
2026-07-14T10:57:35.3275250Z [command]/opt/homebrew/bin/git log -1 --format=%H
2026-07-14T10:57:35.3378280Z 8c157cbc30f1af7af1ff4e86d16024db6847e25b
2026-07-14T10:57:35.3931440Z ##[group]Run scripts/check-startup-p95.sh 20 artifacts/r4/startup-p95.txt
2026-07-14T10:57:35.3932790Z [36;1mscripts/check-startup-p95.sh 20 artifacts/r4/startup-p95.txt[0m
2026-07-14T10:57:35.3974090Z shell: /bin/bash -e {0}
2026-07-14T10:57:35.3974730Z ##[endgroup]
2026-07-14T10:57:59.1746310Z summary samples=20 p50_ms=89.098 p95_ms=97.533 max_ms=452.471 target_ms=2000 result=PASS
2026-07-14T10:57:59.2035940Z ##[group]Run scripts/check-peak-memory.sh artifacts/r4/peak-memory.txt
2026-07-14T10:57:59.2036620Z [36;1mscripts/check-peak-memory.sh artifacts/r4/peak-memory.txt[0m
2026-07-14T10:57:59.2074580Z shell: /bin/bash -e {0}
2026-07-14T10:57:59.2074930Z ##[endgroup]
2026-07-14T10:58:01.8760320Z R4_MEMORY_SCENARIO=settle objects=1000 anchors=10000 decodedImages=10 decodedPixels=50000000 extraBytes=0
2026-07-14T10:58:01.8834890Z settle peak_bytes=214220800 limit_bytes=524288000 result=PASS
2026-07-14T10:58:02.1025070Z R4_MEMORY_SCENARIO=export objects=1000 anchors=10000 decodedImages=10 decodedPixels=50000000 extraBytes=0
2026-07-14T10:58:02.1087340Z export peak_bytes=222429184 limit_bytes=681574400 result=PASS
2026-07-14T10:58:02.1354000Z ##[group]Run scripts/test-peak-memory-gate.sh artifacts/r4/peak-memory-failure-fixture.txt
2026-07-14T10:58:02.1354660Z [36;1mscripts/test-peak-memory-gate.sh artifacts/r4/peak-memory-failure-fixture.txt[0m
2026-07-14T10:58:02.1387630Z shell: /bin/bash -e {0}
2026-07-14T10:58:02.1387830Z ##[endgroup]
2026-07-14T10:58:03.8743220Z R4_MEMORY_SCENARIO=settle objects=1000 anchors=10000 decodedImages=10 decodedPixels=50000000 extraBytes=576716800
2026-07-14T10:58:03.8919620Z settle peak_bytes=442613760 limit_bytes=524288000 result=PASS
2026-07-14T10:58:04.2560430Z R4_MEMORY_SCENARIO=export objects=1000 anchors=10000 decodedImages=10 decodedPixels=50000000 extraBytes=576716800
2026-07-14T10:58:04.2652330Z export peak_bytes=593100800 limit_bytes=681574400 result=PASS
2026-07-14T10:58:04.2692220Z Expected forced over-allocation scenario to fail
2026-07-14T10:58:04.2708440Z ##[error]Process completed with exit code 1.
2026-07-14T10:58:04.2993550Z ##[group]Run actions/upload-artifact@v7
2026-07-14T10:58:04.2993840Z with:
2026-07-14T10:58:04.2994010Z   name: startup-memory-results
2026-07-14T10:58:04.2994200Z   path: artifacts/r4
2026-07-14T10:58:04.2994420Z   if-no-files-found: warn
2026-07-14T10:58:04.2994600Z   compression-level: 6
2026-07-14T10:58:04.2994870Z   overwrite: false
2026-07-14T10:58:04.2995070Z   include-hidden-files: false
2026-07-14T10:58:04.2999470Z   archive: true
2026-07-14T10:58:04.2999670Z ##[endgroup]
2026-07-14T10:58:04.5896080Z With the provided path, there will be 38 files uploaded
2026-07-14T10:58:04.5898760Z Artifact name is valid!
2026-07-14T10:58:04.5899050Z Root directory input is valid!
2026-07-14T10:58:04.9372710Z Uploading artifact: startup-memory-results.zip
2026-07-14T10:58:04.9434060Z Beginning upload of artifact content to blob storage
2026-07-14T10:58:05.3706810Z Uploaded bytes 46043
2026-07-14T10:58:05.4492570Z Finished uploading artifact content to blob storage!
2026-07-14T10:58:05.4493350Z SHA256 digest of uploaded artifact is a716dfbc3091daea005040d8872ef714e3b4750294dc21d5288eb2c32096e929
2026-07-14T10:58:05.4493810Z Finalizing artifact upload
2026-07-14T10:58:05.8226200Z Artifact startup-memory-results successfully finalized. Artifact ID 8308416582
2026-07-14T10:58:05.8229310Z Artifact startup-memory-results has been successfully uploaded! Final size is 46043 bytes. Artifact ID is 8308416582
2026-07-14T10:58:05.8242020Z Artifact download URL: https://github.com/leetn9468/OpenDraw/actions/runs/29327190429/artifacts/8308416582
2026-07-14T10:58:05.8459880Z Post job cleanup.
2026-07-14T10:58:05.9256860Z [command]/opt/homebrew/bin/git version
2026-07-14T10:58:05.9318170Z git version 2.55.0
2026-07-14T10:58:05.9337490Z Copying '/Users/runner/.gitconfig' to '/Users/runner/work/_temp/9f9ae4e9-3916-4f09-bd11-b893ea8e1ae5/.gitconfig'
2026-07-14T10:58:05.9345350Z Temporarily overriding HOME='/Users/runner/work/_temp/9f9ae4e9-3916-4f09-bd11-b893ea8e1ae5' before making global git config changes
2026-07-14T10:58:05.9346600Z Adding repository directory to the temporary git global config as a safe directory
2026-07-14T10:58:05.9347910Z [command]/opt/homebrew/bin/git config --global --add safe.directory /Users/runner/work/OpenDraw/OpenDraw
2026-07-14T10:58:05.9402570Z Removing SSH command configuration
2026-07-14T10:58:05.9407700Z [command]/opt/homebrew/bin/git config --local --name-only --get-regexp core\.sshCommand
2026-07-14T10:58:05.9469840Z [command]/opt/homebrew/bin/git submodule foreach --recursive sh -c "git config --local --name-only --get-regexp 'core\.sshCommand' && git config --local --unset-all 'core.sshCommand' || :"
2026-07-14T10:58:06.0169470Z Removing HTTP extra header
2026-07-14T10:58:06.0173470Z [command]/opt/homebrew/bin/git config --local --name-only --get-regexp http\.https\:\/\/github\.com\/\.extraheader
2026-07-14T10:58:06.0230630Z [command]/opt/homebrew/bin/git submodule foreach --recursive sh -c "git config --local --name-only --get-regexp 'http\.https\:\/\/github\.com\/\.extraheader' && git config --local --unset-all 'http.https://github.com/.extraheader' || :"
2026-07-14T10:58:06.0868290Z Removing includeIf entries pointing to credentials config files
2026-07-14T10:58:06.0872470Z [command]/opt/homebrew/bin/git config --local --name-only --get-regexp ^includeIf\.gitdir:
2026-07-14T10:58:06.0920460Z includeif.gitdir:/Users/runner/work/OpenDraw/OpenDraw/.git.path
2026-07-14T10:58:06.0921000Z includeif.gitdir:/Users/runner/work/OpenDraw/OpenDraw/.git/worktrees/*.path
2026-07-14T10:58:06.0921420Z includeif.gitdir:/github/workspace/.git.path
2026-07-14T10:58:06.0921930Z includeif.gitdir:/github/workspace/.git/worktrees/*.path
2026-07-14T10:58:06.0925460Z [command]/opt/homebrew/bin/git config --local --get-all includeif.gitdir:/Users/runner/work/OpenDraw/OpenDraw/.git.path
2026-07-14T10:58:06.0971670Z /Users/runner/work/_temp/git-credentials-82f2e1ff-c0c3-4687-91f6-9581f5146680.config
2026-07-14T10:58:06.0979200Z [command]/opt/homebrew/bin/git config --local --unset includeif.gitdir:/Users/runner/work/OpenDraw/OpenDraw/.git.path /Users/runner/work/_temp/git-credentials-82f2e1ff-c0c3-4687-91f6-9581f5146680.config
2026-07-14T10:58:06.1034610Z [command]/opt/homebrew/bin/git config --local --get-all includeif.gitdir:/Users/runner/work/OpenDraw/OpenDraw/.git/worktrees/*.path
2026-07-14T10:58:06.1082330Z /Users/runner/work/_temp/git-credentials-82f2e1ff-c0c3-4687-91f6-9581f5146680.config
2026-07-14T10:58:06.1088500Z [command]/opt/homebrew/bin/git config --local --unset includeif.gitdir:/Users/runner/work/OpenDraw/OpenDraw/.git/worktrees/*.path /Users/runner/work/_temp/git-credentials-82f2e1ff-c0c3-4687-91f6-9581f5146680.config
2026-07-14T10:58:06.1139370Z [command]/opt/homebrew/bin/git config --local --get-all includeif.gitdir:/github/workspace/.git.path
2026-07-14T10:58:06.1182040Z /github/runner_temp/git-credentials-82f2e1ff-c0c3-4687-91f6-9581f5146680.config
2026-07-14T10:58:06.1186210Z [command]/opt/homebrew/bin/git config --local --unset includeif.gitdir:/github/workspace/.git.path /github/runner_temp/git-credentials-82f2e1ff-c0c3-4687-91f6-9581f5146680.config
2026-07-14T10:58:06.1233890Z [command]/opt/homebrew/bin/git config --local --get-all includeif.gitdir:/github/workspace/.git/worktrees/*.path
2026-07-14T10:58:06.1275340Z /github/runner_temp/git-credentials-82f2e1ff-c0c3-4687-91f6-9581f5146680.config
2026-07-14T10:58:06.1279660Z [command]/opt/homebrew/bin/git config --local --unset includeif.gitdir:/github/workspace/.git/worktrees/*.path /github/runner_temp/git-credentials-82f2e1ff-c0c3-4687-91f6-9581f5146680.config
2026-07-14T10:58:06.1331110Z [command]/opt/homebrew/bin/git submodule foreach --recursive git config --local --show-origin --name-only --get-regexp remote.origin.url
2026-07-14T10:58:06.1943390Z Removing credentials config '/Users/runner/work/_temp/git-credentials-82f2e1ff-c0c3-4687-91f6-9581f5146680.config'
2026-07-14T10:58:06.2023320Z Cleaning up orphan processes
