2026-07-14T14:25:04.0188310Z Current runner version: '2.335.1'
2026-07-14T14:25:04.0203960Z ##[group]Runner Image Provisioner
2026-07-14T14:25:04.0204470Z Hosted Compute Agent
2026-07-14T14:25:04.0204830Z Version: 20260624.560
2026-07-14T14:25:04.0205220Z Commit: 925d229a51159bc391ae97e54a2dd1fe20af789d
2026-07-14T14:25:04.0205670Z Build Date: 2026-06-24T18:26:47Z
2026-07-14T14:25:04.0206090Z Worker ID: {84a7125d-9eea-4825-8a66-2905df4b23d2}
2026-07-14T14:25:04.0206530Z Azure Region: westus
2026-07-14T14:25:04.0206890Z ##[endgroup]
2026-07-14T14:25:04.0207720Z ##[group]Operating System
2026-07-14T14:25:04.0208090Z macOS
2026-07-14T14:25:04.0208390Z 15.7.7
2026-07-14T14:25:04.0208700Z 24G720
2026-07-14T14:25:04.0209010Z ##[endgroup]
2026-07-14T14:25:04.0209330Z ##[group]Runner Image
2026-07-14T14:25:04.0209690Z Image: macos-15-arm64
2026-07-14T14:25:04.0210040Z Version: 20260706.0213.1
2026-07-14T14:25:04.0210880Z Included Software: https://github.com/actions/runner-images/blob/macos-15-arm64/20260706.0213/images/macos/macos-15-arm64-Readme.md
2026-07-14T14:25:04.0211910Z Image Release: https://github.com/actions/runner-images/releases/tag/macos-15-arm64%2F20260706.0213
2026-07-14T14:25:04.0212550Z ##[endgroup]
2026-07-14T14:25:04.0213320Z ##[group]GITHUB_TOKEN Permissions
2026-07-14T14:25:04.0214380Z Contents: read
2026-07-14T14:25:04.0214730Z Metadata: read
2026-07-14T14:25:04.0215080Z Packages: read
2026-07-14T14:25:04.0215420Z ##[endgroup]
2026-07-14T14:25:04.0216870Z Secret source: Actions
2026-07-14T14:25:04.0217320Z Prepare workflow directory
2026-07-14T14:25:04.0505150Z Prepare all required actions
2026-07-14T14:25:04.0566590Z Getting action download info
2026-07-14T14:25:04.3469290Z Download action repository 'actions/checkout@v6' (SHA:df4cb1c069e1874edd31b4311f1884172cec0e10)
2026-07-14T14:25:04.8614630Z Download action repository 'actions/upload-artifact@v7' (SHA:043fb46d1a93c77aae656e7c1c64a875d1fc6a0a)
2026-07-14T14:25:05.0415390Z Complete job name: benchmark
2026-07-14T14:25:05.0933690Z ##[group]Run actions/checkout@v6
2026-07-14T14:25:05.0934480Z with:
2026-07-14T14:25:05.0934820Z   repository: leetn9468/OpenDraw
2026-07-14T14:25:05.0937520Z   token: ***
2026-07-14T14:25:05.0937830Z   ssh-strict: true
2026-07-14T14:25:05.0938170Z   ssh-user: git
2026-07-14T14:25:05.0938510Z   persist-credentials: true
2026-07-14T14:25:05.0938870Z   clean: true
2026-07-14T14:25:05.0939200Z   sparse-checkout-cone-mode: true
2026-07-14T14:25:05.0939580Z   fetch-depth: 1
2026-07-14T14:25:05.0939900Z   fetch-tags: false
2026-07-14T14:25:05.0940220Z   show-progress: true
2026-07-14T14:25:05.0940540Z   lfs: false
2026-07-14T14:25:05.0940840Z   submodules: false
2026-07-14T14:25:05.0941160Z   set-safe-directory: true
2026-07-14T14:25:05.0941650Z ##[endgroup]
2026-07-14T14:25:05.6238150Z Syncing repository: leetn9468/OpenDraw
2026-07-14T14:25:05.6241430Z ##[group]Getting Git version info
2026-07-14T14:25:05.6242090Z Working directory is '/Users/runner/work/OpenDraw/OpenDraw'
2026-07-14T14:25:05.6246890Z [command]/opt/homebrew/bin/git version
2026-07-14T14:25:05.6667390Z git version 2.55.0
2026-07-14T14:25:05.6684210Z ##[endgroup]
2026-07-14T14:25:05.6700860Z Copying '/Users/runner/.gitconfig' to '/Users/runner/work/_temp/d6345f27-52d3-4e9f-9d9a-0b464eebc65e/.gitconfig'
2026-07-14T14:25:05.6719870Z Temporarily overriding HOME='/Users/runner/work/_temp/d6345f27-52d3-4e9f-9d9a-0b464eebc65e' before making global git config changes
2026-07-14T14:25:05.6721460Z Adding repository directory to the temporary git global config as a safe directory
2026-07-14T14:25:05.6722500Z [command]/opt/homebrew/bin/git config --global --add safe.directory /Users/runner/work/OpenDraw/OpenDraw
2026-07-14T14:25:05.6892750Z Deleting the contents of '/Users/runner/work/OpenDraw/OpenDraw'
2026-07-14T14:25:05.6896740Z ##[group]Determining repository object format
2026-07-14T14:25:05.6898870Z ##[endgroup]
2026-07-14T14:25:05.6901010Z ##[group]Initializing the repository
2026-07-14T14:25:05.6903850Z [command]/opt/homebrew/bin/git init /Users/runner/work/OpenDraw/OpenDraw
2026-07-14T14:25:05.7239070Z hint: Using 'master' as the name for the initial branch. This default branch name
2026-07-14T14:25:05.7242290Z hint: will change to "main" in Git 3.0. To configure the initial branch name
2026-07-14T14:25:05.7243120Z hint: to use in all of your new repositories, which will suppress this warning,
2026-07-14T14:25:05.7243760Z hint: call:
2026-07-14T14:25:05.7244110Z hint:
2026-07-14T14:25:05.7244550Z hint: 	git config --global init.defaultBranch <name>
2026-07-14T14:25:05.7245180Z hint:
2026-07-14T14:25:05.7245690Z hint: Names commonly chosen instead of 'master' are 'main', 'trunk' and
2026-07-14T14:25:05.7246490Z hint: 'development'. The just-created branch can be renamed via this command:
2026-07-14T14:25:05.7247130Z hint:
2026-07-14T14:25:05.7247480Z hint: 	git branch -m <name>
2026-07-14T14:25:05.7247950Z hint:
2026-07-14T14:25:05.7248600Z hint: Disable this message with "git config set advice.defaultBranchName false"
2026-07-14T14:25:05.7280320Z Initialized empty Git repository in /Users/runner/work/OpenDraw/OpenDraw/.git/
2026-07-14T14:25:05.7286490Z [command]/opt/homebrew/bin/git remote add origin https://github.com/leetn9468/OpenDraw
2026-07-14T14:25:05.7462090Z ##[endgroup]
2026-07-14T14:25:05.7462760Z ##[group]Disabling automatic garbage collection
2026-07-14T14:25:05.7479190Z [command]/opt/homebrew/bin/git config --local gc.auto 0
2026-07-14T14:25:05.7596020Z ##[endgroup]
2026-07-14T14:25:05.7598240Z ##[group]Setting up auth
2026-07-14T14:25:05.7598880Z Removing SSH command configuration
2026-07-14T14:25:05.7599710Z [command]/opt/homebrew/bin/git config --local --name-only --get-regexp core\.sshCommand
2026-07-14T14:25:05.7685370Z [command]/opt/homebrew/bin/git submodule foreach --recursive sh -c "git config --local --name-only --get-regexp 'core\.sshCommand' && git config --local --unset-all 'core.sshCommand' || :"
2026-07-14T14:25:05.9214880Z Removing HTTP extra header
2026-07-14T14:25:05.9223400Z [command]/opt/homebrew/bin/git config --local --name-only --get-regexp http\.https\:\/\/github\.com\/\.extraheader
2026-07-14T14:25:05.9285640Z [command]/opt/homebrew/bin/git submodule foreach --recursive sh -c "git config --local --name-only --get-regexp 'http\.https\:\/\/github\.com\/\.extraheader' && git config --local --unset-all 'http.https://github.com/.extraheader' || :"
2026-07-14T14:25:06.0833230Z Removing includeIf entries pointing to credentials config files
2026-07-14T14:25:06.0958870Z [command]/opt/homebrew/bin/git config --local --name-only --get-regexp ^includeIf\.gitdir:
2026-07-14T14:25:06.1281390Z [command]/opt/homebrew/bin/git submodule foreach --recursive git config --local --show-origin --name-only --get-regexp remote.origin.url
2026-07-14T14:25:06.2440070Z [command]/opt/homebrew/bin/git config --file /Users/runner/work/_temp/git-credentials-add50b59-b380-407d-882c-a98187873af6.config http.https://github.com/.extraheader AUTHORIZATION: basic ***
2026-07-14T14:25:06.2499900Z [command]/opt/homebrew/bin/git config --local includeIf.gitdir:/Users/runner/work/OpenDraw/OpenDraw/.git.path /Users/runner/work/_temp/git-credentials-add50b59-b380-407d-882c-a98187873af6.config
2026-07-14T14:25:06.2575340Z [command]/opt/homebrew/bin/git config --local includeIf.gitdir:/Users/runner/work/OpenDraw/OpenDraw/.git/worktrees/*.path /Users/runner/work/_temp/git-credentials-add50b59-b380-407d-882c-a98187873af6.config
2026-07-14T14:25:06.2645760Z [command]/opt/homebrew/bin/git config --local includeIf.gitdir:/github/workspace/.git.path /github/runner_temp/git-credentials-add50b59-b380-407d-882c-a98187873af6.config
2026-07-14T14:25:06.2719730Z [command]/opt/homebrew/bin/git config --local includeIf.gitdir:/github/workspace/.git/worktrees/*.path /github/runner_temp/git-credentials-add50b59-b380-407d-882c-a98187873af6.config
2026-07-14T14:25:06.2786940Z ##[endgroup]
2026-07-14T14:25:06.2790770Z ##[group]Fetching the repository
2026-07-14T14:25:06.2798150Z [command]/opt/homebrew/bin/git -c protocol.version=2 fetch --no-tags --prune --no-recurse-submodules --depth=1 origin +9471562ce54a7d326599fe349ab2eba382fb281b:refs/remotes/origin/remediation/pre-phase5
2026-07-14T14:25:07.1098990Z From https://github.com/leetn9468/OpenDraw
2026-07-14T14:25:07.1107150Z  * [new ref]         9471562ce54a7d326599fe349ab2eba382fb281b -> origin/remediation/pre-phase5
2026-07-14T14:25:07.1115580Z [command]/opt/homebrew/bin/git branch --list --remote origin/remediation/pre-phase5
2026-07-14T14:25:07.1218880Z   origin/remediation/pre-phase5
2026-07-14T14:25:07.1224380Z [command]/opt/homebrew/bin/git rev-parse refs/remotes/origin/remediation/pre-phase5
2026-07-14T14:25:07.1284940Z 9471562ce54a7d326599fe349ab2eba382fb281b
2026-07-14T14:25:07.1289110Z ##[endgroup]
2026-07-14T14:25:07.1293270Z ##[group]Determining the checkout info
2026-07-14T14:25:07.1295060Z ##[endgroup]
2026-07-14T14:25:07.1296030Z [command]/opt/homebrew/bin/git sparse-checkout disable
2026-07-14T14:25:07.1388800Z [command]/opt/homebrew/bin/git config --local --unset-all extensions.worktreeConfig
2026-07-14T14:25:07.1466670Z ##[group]Checking out the ref
2026-07-14T14:25:07.1469500Z [command]/opt/homebrew/bin/git checkout --progress --force -B remediation/pre-phase5 refs/remotes/origin/remediation/pre-phase5
2026-07-14T14:25:07.2226230Z Switched to a new branch 'remediation/pre-phase5'
2026-07-14T14:25:07.2238830Z branch 'remediation/pre-phase5' set up to track 'origin/remediation/pre-phase5'.
2026-07-14T14:25:07.2247020Z ##[endgroup]
2026-07-14T14:25:07.2353300Z [command]/opt/homebrew/bin/git log -1 --format=%H
2026-07-14T14:25:07.2422460Z 9471562ce54a7d326599fe349ab2eba382fb281b
2026-07-14T14:25:07.2692360Z ##[group]Run scripts/run-render-benchmark.sh benchmark.txt
2026-07-14T14:25:07.2693910Z [36;1mscripts/run-render-benchmark.sh benchmark.txt[0m
2026-07-14T14:25:07.2744860Z shell: /bin/bash -e {0}
2026-07-14T14:25:07.2745670Z ##[endgroup]
2026-07-14T14:25:43.5761680Z BENCH_METADATA warmup_frames=60 measured_frames=300 production_paths=true
2026-07-14T14:25:43.5867940Z BENCH-1 drag: p50 6.341 ms | p95 13.049 ms | max 25.585 ms
2026-07-14T14:25:43.5904760Z BENCH-2 pan: p50 0.095 ms | p95 0.282 ms | max 0.679 ms
2026-07-14T14:25:43.5908090Z BENCH-2b forced-exposure pan: p50 6.584 ms | p95 13.164 ms | max 18.740 ms
2026-07-14T14:25:43.5908630Z BENCH-2b strip_redraw_frames=360 nonzero_every_frame=true
2026-07-14T14:25:43.5909200Z BENCH-3 zoom: p50 2.818 ms | p95 10.686 ms | max 20.868 ms
2026-07-14T14:25:43.5909740Z BENCH-3 settle: 3.117 ms
2026-07-14T14:25:43.5910050Z BENCH-4 cold-open: 42.910 ms
2026-07-14T14:25:43.5910310Z Warm full redraw: 12.130 ms
2026-07-14T14:25:43.6155650Z ##[group]Run scripts/test-benchmark-regression-gate.sh
2026-07-14T14:25:43.6156700Z [36;1mscripts/test-benchmark-regression-gate.sh[0m
2026-07-14T14:25:43.6234920Z shell: /bin/bash -e {0}
2026-07-14T14:25:43.6235290Z ##[endgroup]
2026-07-14T14:25:43.9155870Z bench1_p95 baseline_ms=5.324 observed_ms=5.300 ratio=0.995492 allowed_ratio=1.25 result=PASS
2026-07-14T14:25:43.9572100Z bench2_p95 baseline_ms=0.109 observed_ms=0.100 ratio=0.917431 allowed_ratio=1.25 result=PASS
2026-07-14T14:25:44.0084500Z bench2b_p95 baseline_ms=5.831 observed_ms=5.700 ratio=0.977534 allowed_ratio=1.25 result=PASS
2026-07-14T14:25:44.0496690Z bench3_p95 baseline_ms=8.853 observed_ms=8.700 ratio=0.982718 allowed_ratio=1.25 result=PASS
2026-07-14T14:25:44.0933950Z bench3_settle baseline_ms=2.778 observed_ms=2.700 ratio=0.971922 allowed_ratio=1.25 result=PASS
2026-07-14T14:25:44.1540090Z bench1_p95 baseline_ms=5.324 observed_ms=6.655 ratio=1.250000 allowed_ratio=1.25 result=PASS
2026-07-14T14:25:44.2022080Z bench2_p95 baseline_ms=0.109 observed_ms=0.13625 ratio=1.250000 allowed_ratio=1.25 result=PASS
2026-07-14T14:25:44.2537660Z bench2b_p95 baseline_ms=5.831 observed_ms=7.28875 ratio=1.250000 allowed_ratio=1.25 result=PASS
2026-07-14T14:25:44.3153090Z bench3_p95 baseline_ms=8.853 observed_ms=11.06625 ratio=1.250000 allowed_ratio=1.25 result=PASS
2026-07-14T14:25:44.3579500Z bench3_settle baseline_ms=2.778 observed_ms=3.4725 ratio=1.250000 allowed_ratio=1.25 result=PASS
2026-07-14T14:25:44.4245620Z bench1_p95 baseline_ms=5.324 observed_ms=7.000 ratio=1.314801 allowed_ratio=1.25 result=FAIL
2026-07-14T14:25:44.4810200Z bench2_p95 baseline_ms=0.109 observed_ms=0.100 ratio=0.917431 allowed_ratio=1.25 result=PASS
2026-07-14T14:25:44.5211010Z bench2b_p95 baseline_ms=5.831 observed_ms=5.700 ratio=0.977534 allowed_ratio=1.25 result=PASS
2026-07-14T14:25:44.5669870Z bench3_p95 baseline_ms=8.853 observed_ms=8.700 ratio=0.982718 allowed_ratio=1.25 result=PASS
2026-07-14T14:25:44.6204860Z bench3_settle baseline_ms=2.778 observed_ms=2.700 ratio=0.971922 allowed_ratio=1.25 result=PASS
2026-07-14T14:25:44.6560730Z ##[group]Run scripts/check-benchmark-regression.sh benchmarks/owner-reference-macos15-arm64-baseline.tsv benchmark.txt benchmark-comparison.txt
2026-07-14T14:25:44.6561910Z [36;1mscripts/check-benchmark-regression.sh benchmarks/owner-reference-macos15-arm64-baseline.tsv benchmark.txt benchmark-comparison.txt[0m
2026-07-14T14:25:44.6596460Z shell: /bin/bash -e {0}
2026-07-14T14:25:44.6596800Z ##[endgroup]
2026-07-14T14:25:44.7822880Z bench1_p95 baseline_ms=5.324 observed_ms=13.049 ratio=2.450977 allowed_ratio=1.25 result=FAIL
2026-07-14T14:25:44.8272470Z bench2_p95 baseline_ms=0.109 observed_ms=0.282 ratio=2.587156 allowed_ratio=1.25 result=FAIL
2026-07-14T14:25:44.8725300Z bench2b_p95 baseline_ms=5.831 observed_ms=13.164 ratio=2.257589 allowed_ratio=1.25 result=FAIL
2026-07-14T14:25:44.9158460Z bench3_p95 baseline_ms=8.853 observed_ms=10.686 ratio=1.207048 allowed_ratio=1.25 result=PASS
2026-07-14T14:25:44.9608320Z bench3_settle baseline_ms=2.778 observed_ms=3.117 ratio=1.122030 allowed_ratio=1.25 result=PASS
2026-07-14T14:25:44.9629340Z ##[error]Process completed with exit code 1.
2026-07-14T14:25:44.9932570Z ##[group]Run actions/upload-artifact@v7
2026-07-14T14:25:44.9932840Z with:
2026-07-14T14:25:44.9933020Z   name: benchmark-results
2026-07-14T14:25:44.9933220Z   path: benchmark.txt
2026-07-14T14:25:44.9933410Z   if-no-files-found: warn
2026-07-14T14:25:44.9933600Z   compression-level: 6
2026-07-14T14:25:44.9933780Z   overwrite: false
2026-07-14T14:25:44.9933970Z   include-hidden-files: false
2026-07-14T14:25:44.9934180Z   archive: true
2026-07-14T14:25:44.9934330Z ##[endgroup]
2026-07-14T14:25:45.4497340Z With the provided path, there will be 1 file uploaded
2026-07-14T14:25:45.4502740Z Artifact name is valid!
2026-07-14T14:25:45.4503370Z Root directory input is valid!
2026-07-14T14:25:45.7114550Z Uploading artifact: benchmark-results.zip
2026-07-14T14:25:45.7163810Z Beginning upload of artifact content to blob storage
2026-07-14T14:25:45.9324510Z Uploaded bytes 563
2026-07-14T14:25:45.9778030Z Finished uploading artifact content to blob storage!
2026-07-14T14:25:45.9795950Z SHA256 digest of uploaded artifact is 2cf226b93fde3e3daa6f0fb082b5dd5d90c4bef295766ca51acecc559d9186ab
2026-07-14T14:25:45.9796410Z Finalizing artifact upload
2026-07-14T14:25:46.3183870Z Artifact benchmark-results successfully finalized. Artifact ID 8313910950
2026-07-14T14:25:46.3186640Z Artifact benchmark-results has been successfully uploaded! Final size is 563 bytes. Artifact ID is 8313910950
2026-07-14T14:25:46.3189450Z Artifact download URL: https://github.com/leetn9468/OpenDraw/actions/runs/29340697610/artifacts/8313910950
2026-07-14T14:25:46.3298830Z ##[group]Run actions/upload-artifact@v7
2026-07-14T14:25:46.3299590Z with:
2026-07-14T14:25:46.3300070Z   name: benchmark-comparison
2026-07-14T14:25:46.3300630Z   path: benchmark-comparison.txt
2026-07-14T14:25:46.3301230Z   if-no-files-found: warn
2026-07-14T14:25:46.3301750Z   compression-level: 6
2026-07-14T14:25:46.3302260Z   overwrite: false
2026-07-14T14:25:46.3302710Z   include-hidden-files: false
2026-07-14T14:25:46.3303290Z   archive: true
2026-07-14T14:25:46.3304030Z ##[endgroup]
2026-07-14T14:25:46.5221240Z With the provided path, there will be 1 file uploaded
2026-07-14T14:25:46.5227550Z Artifact name is valid!
2026-07-14T14:25:46.5228460Z Root directory input is valid!
2026-07-14T14:25:46.8574720Z Uploading artifact: benchmark-comparison.zip
2026-07-14T14:25:46.8776340Z Beginning upload of artifact content to blob storage
2026-07-14T14:25:46.9607090Z Uploaded bytes 346
2026-07-14T14:25:47.0012690Z Finished uploading artifact content to blob storage!
2026-07-14T14:25:47.0114160Z SHA256 digest of uploaded artifact is 9650752e0c336fe555eaa326b27a720f16066399434f6ab0c3aa26c599099cb9
2026-07-14T14:25:47.0216310Z Finalizing artifact upload
2026-07-14T14:25:47.3051670Z Artifact benchmark-comparison successfully finalized. Artifact ID 8313911487
2026-07-14T14:25:47.3052420Z Artifact benchmark-comparison has been successfully uploaded! Final size is 346 bytes. Artifact ID is 8313911487
2026-07-14T14:25:47.3053250Z Artifact download URL: https://github.com/leetn9468/OpenDraw/actions/runs/29340697610/artifacts/8313911487
2026-07-14T14:25:47.3216730Z Post job cleanup.
2026-07-14T14:25:47.4605000Z [command]/opt/homebrew/bin/git version
2026-07-14T14:25:47.4809590Z git version 2.55.0
2026-07-14T14:25:47.4832360Z Copying '/Users/runner/.gitconfig' to '/Users/runner/work/_temp/d9a4cac6-c496-4920-b8cb-437573ae7570/.gitconfig'
2026-07-14T14:25:47.4842790Z Temporarily overriding HOME='/Users/runner/work/_temp/d9a4cac6-c496-4920-b8cb-437573ae7570' before making global git config changes
2026-07-14T14:25:47.4845010Z Adding repository directory to the temporary git global config as a safe directory
2026-07-14T14:25:47.4846950Z [command]/opt/homebrew/bin/git config --global --add safe.directory /Users/runner/work/OpenDraw/OpenDraw
2026-07-14T14:25:47.4956560Z Removing SSH command configuration
2026-07-14T14:25:47.4970380Z [command]/opt/homebrew/bin/git config --local --name-only --get-regexp core\.sshCommand
2026-07-14T14:25:47.5049490Z [command]/opt/homebrew/bin/git submodule foreach --recursive sh -c "git config --local --name-only --get-regexp 'core\.sshCommand' && git config --local --unset-all 'core.sshCommand' || :"
2026-07-14T14:25:47.6070470Z Removing HTTP extra header
2026-07-14T14:25:47.6081290Z [command]/opt/homebrew/bin/git config --local --name-only --get-regexp http\.https\:\/\/github\.com\/\.extraheader
2026-07-14T14:25:47.6169620Z [command]/opt/homebrew/bin/git submodule foreach --recursive sh -c "git config --local --name-only --get-regexp 'http\.https\:\/\/github\.com\/\.extraheader' && git config --local --unset-all 'http.https://github.com/.extraheader' || :"
2026-07-14T14:25:47.7208470Z Removing includeIf entries pointing to credentials config files
2026-07-14T14:25:47.7213730Z [command]/opt/homebrew/bin/git config --local --name-only --get-regexp ^includeIf\.gitdir:
2026-07-14T14:25:47.7285000Z includeif.gitdir:/Users/runner/work/OpenDraw/OpenDraw/.git.path
2026-07-14T14:25:47.7286560Z includeif.gitdir:/Users/runner/work/OpenDraw/OpenDraw/.git/worktrees/*.path
2026-07-14T14:25:47.7287760Z includeif.gitdir:/github/workspace/.git.path
2026-07-14T14:25:47.7288590Z includeif.gitdir:/github/workspace/.git/worktrees/*.path
2026-07-14T14:25:47.7290790Z [command]/opt/homebrew/bin/git config --local --get-all includeif.gitdir:/Users/runner/work/OpenDraw/OpenDraw/.git.path
2026-07-14T14:25:47.7351080Z /Users/runner/work/_temp/git-credentials-add50b59-b380-407d-882c-a98187873af6.config
2026-07-14T14:25:47.7599090Z [command]/opt/homebrew/bin/git config --local --unset includeif.gitdir:/Users/runner/work/OpenDraw/OpenDraw/.git.path /Users/runner/work/_temp/git-credentials-add50b59-b380-407d-882c-a98187873af6.config
2026-07-14T14:25:47.7602010Z [command]/opt/homebrew/bin/git config --local --get-all includeif.gitdir:/Users/runner/work/OpenDraw/OpenDraw/.git/worktrees/*.path
2026-07-14T14:25:47.7611570Z /Users/runner/work/_temp/git-credentials-add50b59-b380-407d-882c-a98187873af6.config
2026-07-14T14:25:47.7619970Z [command]/opt/homebrew/bin/git config --local --unset includeif.gitdir:/Users/runner/work/OpenDraw/OpenDraw/.git/worktrees/*.path /Users/runner/work/_temp/git-credentials-add50b59-b380-407d-882c-a98187873af6.config
2026-07-14T14:25:47.7764190Z [command]/opt/homebrew/bin/git config --local --get-all includeif.gitdir:/github/workspace/.git.path
2026-07-14T14:25:47.7840120Z /github/runner_temp/git-credentials-add50b59-b380-407d-882c-a98187873af6.config
2026-07-14T14:25:47.7859800Z [command]/opt/homebrew/bin/git config --local --unset includeif.gitdir:/github/workspace/.git.path /github/runner_temp/git-credentials-add50b59-b380-407d-882c-a98187873af6.config
2026-07-14T14:25:47.7930080Z [command]/opt/homebrew/bin/git config --local --get-all includeif.gitdir:/github/workspace/.git/worktrees/*.path
2026-07-14T14:25:47.7988460Z /github/runner_temp/git-credentials-add50b59-b380-407d-882c-a98187873af6.config
2026-07-14T14:25:47.8001530Z [command]/opt/homebrew/bin/git config --local --unset includeif.gitdir:/github/workspace/.git/worktrees/*.path /github/runner_temp/git-credentials-add50b59-b380-407d-882c-a98187873af6.config
2026-07-14T14:25:47.8073250Z [command]/opt/homebrew/bin/git submodule foreach --recursive git config --local --show-origin --name-only --get-regexp remote.origin.url
2026-07-14T14:25:47.9471190Z Removing credentials config '/Users/runner/work/_temp/git-credentials-add50b59-b380-407d-882c-a98187873af6.config'
2026-07-14T14:25:47.9853190Z Cleaning up orphan processes
