run_url=https://github.com/leetn9468/OpenDraw/actions/runs/29347892897
job_id=87136290682
﻿2026-07-14T16:02:20.5929560Z Current runner version: '2.335.1'
2026-07-14T16:02:20.5948100Z ##[group]Runner Image Provisioner
2026-07-14T16:02:20.5948670Z Hosted Compute Agent
2026-07-14T16:02:20.5949040Z Version: 20260624.560
2026-07-14T16:02:20.5950280Z Commit: 925d229a51159bc391ae97e54a2dd1fe20af789d
2026-07-14T16:02:20.5950760Z Build Date: 2026-06-24T18:26:47Z
2026-07-14T16:02:20.5951190Z Worker ID: {029522af-fcd4-4b2e-b5a6-b409cbe18622}
2026-07-14T16:02:20.5951650Z Azure Region: westus
2026-07-14T16:02:20.5952010Z ##[endgroup]
2026-07-14T16:02:20.5952970Z ##[group]Operating System
2026-07-14T16:02:20.5953360Z macOS
2026-07-14T16:02:20.5953710Z 15.7.7
2026-07-14T16:02:20.5954040Z 24G720
2026-07-14T16:02:20.5954750Z ##[endgroup]
2026-07-14T16:02:20.5955120Z ##[group]Runner Image
2026-07-14T16:02:20.5955510Z Image: macos-15-arm64
2026-07-14T16:02:20.5955880Z Version: 20260706.0213.1
2026-07-14T16:02:20.5956760Z Included Software: https://github.com/actions/runner-images/blob/macos-15-arm64/20260706.0213/images/macos/macos-15-arm64-Readme.md
2026-07-14T16:02:20.5957780Z Image Release: https://github.com/actions/runner-images/releases/tag/macos-15-arm64%2F20260706.0213
2026-07-14T16:02:20.5958410Z ##[endgroup]
2026-07-14T16:02:20.5959180Z ##[group]GITHUB_TOKEN Permissions
2026-07-14T16:02:20.5960420Z Contents: read
2026-07-14T16:02:20.5960900Z Metadata: read
2026-07-14T16:02:20.5961830Z Packages: read
2026-07-14T16:02:20.5962160Z ##[endgroup]
2026-07-14T16:02:20.5963670Z Secret source: Actions
2026-07-14T16:02:20.5964120Z Prepare workflow directory
2026-07-14T16:02:20.6308980Z Prepare all required actions
2026-07-14T16:02:20.6345850Z Getting action download info
2026-07-14T16:02:21.0818690Z Download action repository 'actions/checkout@v6' (SHA:df4cb1c069e1874edd31b4311f1884172cec0e10)
2026-07-14T16:02:21.4964180Z Download action repository 'actions/upload-artifact@v7' (SHA:043fb46d1a93c77aae656e7c1c64a875d1fc6a0a)
2026-07-14T16:02:21.7001430Z Complete job name: startup-memory
2026-07-14T16:02:21.7750450Z ##[group]Run actions/checkout@v6
2026-07-14T16:02:21.7751200Z with:
2026-07-14T16:02:21.7751540Z   repository: leetn9468/OpenDraw
2026-07-14T16:02:21.7757410Z   token: ***
2026-07-14T16:02:21.7757750Z   ssh-strict: true
2026-07-14T16:02:21.7758070Z   ssh-user: git
2026-07-14T16:02:21.7758660Z   persist-credentials: true
2026-07-14T16:02:21.7759040Z   clean: true
2026-07-14T16:02:21.7759380Z   sparse-checkout-cone-mode: true
2026-07-14T16:02:21.7759750Z   fetch-depth: 1
2026-07-14T16:02:21.7760070Z   fetch-tags: false
2026-07-14T16:02:21.7761620Z   show-progress: true
2026-07-14T16:02:21.7763930Z   lfs: false
2026-07-14T16:02:21.7765330Z   submodules: false
2026-07-14T16:02:21.7765680Z   set-safe-directory: true
2026-07-14T16:02:21.7766890Z ##[endgroup]
2026-07-14T16:02:22.3121850Z Syncing repository: leetn9468/OpenDraw
2026-07-14T16:02:22.3123770Z ##[group]Getting Git version info
2026-07-14T16:02:22.3124350Z Working directory is '/Users/runner/work/OpenDraw/OpenDraw'
2026-07-14T16:02:22.3125340Z [command]/opt/homebrew/bin/git version
2026-07-14T16:02:22.3494650Z git version 2.55.0
2026-07-14T16:02:22.3581610Z ##[endgroup]
2026-07-14T16:02:22.3587500Z Copying '/Users/runner/.gitconfig' to '/Users/runner/work/_temp/bb56b776-2053-4079-bed6-058ec02966de/.gitconfig'
2026-07-14T16:02:22.3588720Z Temporarily overriding HOME='/Users/runner/work/_temp/bb56b776-2053-4079-bed6-058ec02966de' before making global git config changes
2026-07-14T16:02:22.3589780Z Adding repository directory to the temporary git global config as a safe directory
2026-07-14T16:02:22.3590900Z [command]/opt/homebrew/bin/git config --global --add safe.directory /Users/runner/work/OpenDraw/OpenDraw
2026-07-14T16:02:22.3720690Z Deleting the contents of '/Users/runner/work/OpenDraw/OpenDraw'
2026-07-14T16:02:22.3725060Z ##[group]Determining repository object format
2026-07-14T16:02:22.3727850Z ##[endgroup]
2026-07-14T16:02:22.3728770Z ##[group]Initializing the repository
2026-07-14T16:02:22.3738000Z [command]/opt/homebrew/bin/git init /Users/runner/work/OpenDraw/OpenDraw
2026-07-14T16:02:22.4043590Z hint: Using 'master' as the name for the initial branch. This default branch name
2026-07-14T16:02:22.4046750Z hint: will change to "main" in Git 3.0. To configure the initial branch name
2026-07-14T16:02:22.4047600Z hint: to use in all of your new repositories, which will suppress this warning,
2026-07-14T16:02:22.4048240Z hint: call:
2026-07-14T16:02:22.4048590Z hint:
2026-07-14T16:02:22.4049060Z hint: 	git config --global init.defaultBranch <name>
2026-07-14T16:02:22.4049550Z hint:
2026-07-14T16:02:22.4050040Z hint: Names commonly chosen instead of 'master' are 'main', 'trunk' and
2026-07-14T16:02:22.4050780Z hint: 'development'. The just-created branch can be renamed via this command:
2026-07-14T16:02:22.4051410Z hint:
2026-07-14T16:02:22.4052590Z hint: 	git branch -m <name>
2026-07-14T16:02:22.4053140Z hint:
2026-07-14T16:02:22.4053710Z hint: Disable this message with "git config set advice.defaultBranchName false"
2026-07-14T16:02:22.4055050Z Initialized empty Git repository in /Users/runner/work/OpenDraw/OpenDraw/.git/
2026-07-14T16:02:22.4056830Z [command]/opt/homebrew/bin/git remote add origin https://github.com/leetn9468/OpenDraw
2026-07-14T16:02:22.4157420Z ##[endgroup]
2026-07-14T16:02:22.4159610Z ##[group]Disabling automatic garbage collection
2026-07-14T16:02:22.4160420Z [command]/opt/homebrew/bin/git config --local gc.auto 0
2026-07-14T16:02:22.4237180Z ##[endgroup]
2026-07-14T16:02:22.4238140Z ##[group]Setting up auth
2026-07-14T16:02:22.4238810Z Removing SSH command configuration
2026-07-14T16:02:22.4242270Z [command]/opt/homebrew/bin/git config --local --name-only --get-regexp core\.sshCommand
2026-07-14T16:02:22.4324510Z [command]/opt/homebrew/bin/git submodule foreach --recursive sh -c "git config --local --name-only --get-regexp 'core\.sshCommand' && git config --local --unset-all 'core.sshCommand' || :"
2026-07-14T16:02:22.5806550Z Removing HTTP extra header
2026-07-14T16:02:22.5816820Z [command]/opt/homebrew/bin/git config --local --name-only --get-regexp http\.https\:\/\/github\.com\/\.extraheader
2026-07-14T16:02:22.5918460Z [command]/opt/homebrew/bin/git submodule foreach --recursive sh -c "git config --local --name-only --get-regexp 'http\.https\:\/\/github\.com\/\.extraheader' && git config --local --unset-all 'http.https://github.com/.extraheader' || :"
2026-07-14T16:02:22.7301090Z Removing includeIf entries pointing to credentials config files
2026-07-14T16:02:22.7305700Z [command]/opt/homebrew/bin/git config --local --name-only --get-regexp ^includeIf\.gitdir:
2026-07-14T16:02:22.7392900Z [command]/opt/homebrew/bin/git submodule foreach --recursive git config --local --show-origin --name-only --get-regexp remote.origin.url
2026-07-14T16:02:22.8814900Z [command]/opt/homebrew/bin/git config --file /Users/runner/work/_temp/git-credentials-9b3eb4fc-4d18-4b5e-8e68-ec322c53e796.config http.https://github.com/.extraheader AUTHORIZATION: basic ***
2026-07-14T16:02:22.8893340Z [command]/opt/homebrew/bin/git config --local includeIf.gitdir:/Users/runner/work/OpenDraw/OpenDraw/.git.path /Users/runner/work/_temp/git-credentials-9b3eb4fc-4d18-4b5e-8e68-ec322c53e796.config
2026-07-14T16:02:22.8963230Z [command]/opt/homebrew/bin/git config --local includeIf.gitdir:/Users/runner/work/OpenDraw/OpenDraw/.git/worktrees/*.path /Users/runner/work/_temp/git-credentials-9b3eb4fc-4d18-4b5e-8e68-ec322c53e796.config
2026-07-14T16:02:22.9044060Z [command]/opt/homebrew/bin/git config --local includeIf.gitdir:/github/workspace/.git.path /github/runner_temp/git-credentials-9b3eb4fc-4d18-4b5e-8e68-ec322c53e796.config
2026-07-14T16:02:22.9153450Z [command]/opt/homebrew/bin/git config --local includeIf.gitdir:/github/workspace/.git/worktrees/*.path /github/runner_temp/git-credentials-9b3eb4fc-4d18-4b5e-8e68-ec322c53e796.config
2026-07-14T16:02:22.9274010Z ##[endgroup]
2026-07-14T16:02:22.9276580Z ##[group]Fetching the repository
2026-07-14T16:02:22.9280590Z [command]/opt/homebrew/bin/git -c protocol.version=2 fetch --no-tags --prune --no-recurse-submodules --depth=1 origin +94fb0f057510639b93d9802fe93ab4aa5f0b18de:refs/remotes/origin/remediation/pre-phase5
2026-07-14T16:02:23.5754320Z From https://github.com/leetn9468/OpenDraw
2026-07-14T16:02:23.5757130Z  * [new ref]         94fb0f057510639b93d9802fe93ab4aa5f0b18de -> origin/remediation/pre-phase5
2026-07-14T16:02:23.5775500Z [command]/opt/homebrew/bin/git branch --list --remote origin/remediation/pre-phase5
2026-07-14T16:02:23.5869470Z   origin/remediation/pre-phase5
2026-07-14T16:02:23.5884010Z [command]/opt/homebrew/bin/git rev-parse refs/remotes/origin/remediation/pre-phase5
2026-07-14T16:02:23.5957970Z 94fb0f057510639b93d9802fe93ab4aa5f0b18de
2026-07-14T16:02:23.5964430Z ##[endgroup]
2026-07-14T16:02:23.5967340Z ##[group]Determining the checkout info
2026-07-14T16:02:23.5968740Z ##[endgroup]
2026-07-14T16:02:23.5969490Z [command]/opt/homebrew/bin/git sparse-checkout disable
2026-07-14T16:02:23.6069980Z [command]/opt/homebrew/bin/git config --local --unset-all extensions.worktreeConfig
2026-07-14T16:02:23.6199740Z ##[group]Checking out the ref
2026-07-14T16:02:23.6203970Z [command]/opt/homebrew/bin/git checkout --progress --force -B remediation/pre-phase5 refs/remotes/origin/remediation/pre-phase5
2026-07-14T16:02:23.6680470Z Switched to a new branch 'remediation/pre-phase5'
2026-07-14T16:02:23.6697470Z branch 'remediation/pre-phase5' set up to track 'origin/remediation/pre-phase5'.
2026-07-14T16:02:23.6710390Z ##[endgroup]
2026-07-14T16:02:23.6852120Z [command]/opt/homebrew/bin/git log -1 --format=%H
2026-07-14T16:02:23.6936600Z 94fb0f057510639b93d9802fe93ab4aa5f0b18de
2026-07-14T16:02:23.7221630Z ##[group]Run scripts/check-startup-p95.sh 20 artifacts/r4/startup-p95.txt
2026-07-14T16:02:23.7223420Z [36;1mscripts/check-startup-p95.sh 20 artifacts/r4/startup-p95.txt[0m
2026-07-14T16:02:23.7312190Z shell: /bin/bash -e {0}
2026-07-14T16:02:23.7318980Z ##[endgroup]
2026-07-14T16:03:07.1986470Z summary samples=20 p50_ms=164.790 p95_ms=225.979 max_ms=772.003 target_ms=2000 result=PASS
2026-07-14T16:03:07.2371030Z ##[group]Run scripts/check-peak-memory.sh artifacts/r4/peak-memory.txt
2026-07-14T16:03:07.2373130Z [36;1mscripts/check-peak-memory.sh artifacts/r4/peak-memory.txt[0m
2026-07-14T16:03:07.2892830Z shell: /bin/bash -e {0}
2026-07-14T16:03:07.2893990Z ##[endgroup]
2026-07-14T16:03:12.4777510Z R4_MEMORY_SCENARIO=settle objects=1000 anchors=10000 decodedImages=10 decodedPixels=50000000 extraBytes=0
2026-07-14T16:03:12.5059210Z settle peak_bytes=214106112 limit_bytes=524288000 result=PASS
2026-07-14T16:03:12.8387360Z R4_MEMORY_SCENARIO=export objects=1000 anchors=10000 decodedImages=10 decodedPixels=50000000 extraBytes=0
2026-07-14T16:03:12.8610280Z export peak_bytes=223936512 limit_bytes=681574400 result=PASS
2026-07-14T16:03:12.8971770Z ##[group]Run scripts/test-peak-memory-gate.sh artifacts/r4/peak-memory-failure-fixture.txt
2026-07-14T16:03:12.8972640Z [36;1mscripts/test-peak-memory-gate.sh artifacts/r4/peak-memory-failure-fixture.txt[0m
2026-07-14T16:03:12.9053150Z shell: /bin/bash -e {0}
2026-07-14T16:03:12.9054470Z ##[endgroup]
2026-07-14T16:03:16.0374340Z R4_MEMORY_SCENARIO=settle objects=1000 anchors=10000 decodedImages=10 decodedPixels=50000000 extraBytes=576716800
2026-07-14T16:03:16.0638870Z settle peak_bytes=790921216 limit_bytes=524288000 result=FAIL
2026-07-14T16:03:16.1147280Z ##[group]Run actions/upload-artifact@v7
2026-07-14T16:03:16.1147920Z with:
2026-07-14T16:03:16.1148150Z   name: startup-memory-results
2026-07-14T16:03:16.1148460Z   path: artifacts/r4
2026-07-14T16:03:16.1148720Z   if-no-files-found: warn
2026-07-14T16:03:16.1149850Z   compression-level: 6
2026-07-14T16:03:16.1150720Z   overwrite: false
2026-07-14T16:03:16.1152310Z   include-hidden-files: false
2026-07-14T16:03:16.1153830Z   archive: true
2026-07-14T16:03:16.1156620Z ##[endgroup]
2026-07-14T16:03:16.6138690Z With the provided path, there will be 57 files uploaded
2026-07-14T16:03:16.6139430Z Artifact name is valid!
2026-07-14T16:03:16.6140580Z Root directory input is valid!
2026-07-14T16:03:16.9894300Z Uploading artifact: startup-memory-results.zip
2026-07-14T16:03:16.9929220Z Beginning upload of artifact content to blob storage
2026-07-14T16:03:17.5953180Z Uploaded bytes 130832
2026-07-14T16:03:17.6762480Z Finished uploading artifact content to blob storage!
2026-07-14T16:03:17.6768480Z SHA256 digest of uploaded artifact is d546dbc748d4933ff2c89369c6d2c479908084642b8811e43cb9d1554a984d1b
2026-07-14T16:03:17.6770540Z Finalizing artifact upload
2026-07-14T16:03:18.1188540Z Artifact startup-memory-results successfully finalized. Artifact ID 8316895945
2026-07-14T16:03:18.1190910Z Artifact startup-memory-results has been successfully uploaded! Final size is 130832 bytes. Artifact ID is 8316895945
2026-07-14T16:03:18.1193440Z Artifact download URL: https://github.com/leetn9468/OpenDraw/actions/runs/29347892897/artifacts/8316895945
2026-07-14T16:03:18.1650100Z Post job cleanup.
2026-07-14T16:03:18.3729450Z [command]/opt/homebrew/bin/git version
2026-07-14T16:03:18.3872210Z git version 2.55.0
2026-07-14T16:03:18.3902060Z Copying '/Users/runner/.gitconfig' to '/Users/runner/work/_temp/6112006e-5518-4e9f-a2e2-1413f2c2541b/.gitconfig'
2026-07-14T16:03:18.3913600Z Temporarily overriding HOME='/Users/runner/work/_temp/6112006e-5518-4e9f-a2e2-1413f2c2541b' before making global git config changes
2026-07-14T16:03:18.3915930Z Adding repository directory to the temporary git global config as a safe directory
2026-07-14T16:03:18.3917330Z [command]/opt/homebrew/bin/git config --global --add safe.directory /Users/runner/work/OpenDraw/OpenDraw
2026-07-14T16:03:18.4006560Z Removing SSH command configuration
2026-07-14T16:03:18.4011220Z [command]/opt/homebrew/bin/git config --local --name-only --get-regexp core\.sshCommand
2026-07-14T16:03:18.4098400Z [command]/opt/homebrew/bin/git submodule foreach --recursive sh -c "git config --local --name-only --get-regexp 'core\.sshCommand' && git config --local --unset-all 'core.sshCommand' || :"
2026-07-14T16:03:18.5736120Z Removing HTTP extra header
2026-07-14T16:03:18.5741540Z [command]/opt/homebrew/bin/git config --local --name-only --get-regexp http\.https\:\/\/github\.com\/\.extraheader
2026-07-14T16:03:18.5857770Z [command]/opt/homebrew/bin/git submodule foreach --recursive sh -c "git config --local --name-only --get-regexp 'http\.https\:\/\/github\.com\/\.extraheader' && git config --local --unset-all 'http.https://github.com/.extraheader' || :"
2026-07-14T16:03:18.7456150Z Removing includeIf entries pointing to credentials config files
2026-07-14T16:03:18.7460420Z [command]/opt/homebrew/bin/git config --local --name-only --get-regexp ^includeIf\.gitdir:
2026-07-14T16:03:18.7573560Z includeif.gitdir:/Users/runner/work/OpenDraw/OpenDraw/.git.path
2026-07-14T16:03:18.7575080Z includeif.gitdir:/Users/runner/work/OpenDraw/OpenDraw/.git/worktrees/*.path
2026-07-14T16:03:18.7576200Z includeif.gitdir:/github/workspace/.git.path
2026-07-14T16:03:18.7577390Z includeif.gitdir:/github/workspace/.git/worktrees/*.path
2026-07-14T16:03:18.7599990Z [command]/opt/homebrew/bin/git config --local --get-all includeif.gitdir:/Users/runner/work/OpenDraw/OpenDraw/.git.path
2026-07-14T16:03:18.7730560Z /Users/runner/work/_temp/git-credentials-9b3eb4fc-4d18-4b5e-8e68-ec322c53e796.config
2026-07-14T16:03:18.7744560Z [command]/opt/homebrew/bin/git config --local --unset includeif.gitdir:/Users/runner/work/OpenDraw/OpenDraw/.git.path /Users/runner/work/_temp/git-credentials-9b3eb4fc-4d18-4b5e-8e68-ec322c53e796.config
2026-07-14T16:03:18.7869460Z [command]/opt/homebrew/bin/git config --local --get-all includeif.gitdir:/Users/runner/work/OpenDraw/OpenDraw/.git/worktrees/*.path
2026-07-14T16:03:18.7979910Z /Users/runner/work/_temp/git-credentials-9b3eb4fc-4d18-4b5e-8e68-ec322c53e796.config
2026-07-14T16:03:18.7988480Z [command]/opt/homebrew/bin/git config --local --unset includeif.gitdir:/Users/runner/work/OpenDraw/OpenDraw/.git/worktrees/*.path /Users/runner/work/_temp/git-credentials-9b3eb4fc-4d18-4b5e-8e68-ec322c53e796.config
2026-07-14T16:03:18.8096490Z [command]/opt/homebrew/bin/git config --local --get-all includeif.gitdir:/github/workspace/.git.path
2026-07-14T16:03:18.8172140Z /github/runner_temp/git-credentials-9b3eb4fc-4d18-4b5e-8e68-ec322c53e796.config
2026-07-14T16:03:18.8181800Z [command]/opt/homebrew/bin/git config --local --unset includeif.gitdir:/github/workspace/.git.path /github/runner_temp/git-credentials-9b3eb4fc-4d18-4b5e-8e68-ec322c53e796.config
2026-07-14T16:03:18.8340340Z [command]/opt/homebrew/bin/git config --local --get-all includeif.gitdir:/github/workspace/.git/worktrees/*.path
2026-07-14T16:03:18.8472540Z /github/runner_temp/git-credentials-9b3eb4fc-4d18-4b5e-8e68-ec322c53e796.config
2026-07-14T16:03:18.8479900Z [command]/opt/homebrew/bin/git config --local --unset includeif.gitdir:/github/workspace/.git/worktrees/*.path /github/runner_temp/git-credentials-9b3eb4fc-4d18-4b5e-8e68-ec322c53e796.config
2026-07-14T16:03:18.8603410Z [command]/opt/homebrew/bin/git submodule foreach --recursive git config --local --show-origin --name-only --get-regexp remote.origin.url
2026-07-14T16:03:19.0644060Z Removing credentials config '/Users/runner/work/_temp/git-credentials-9b3eb4fc-4d18-4b5e-8e68-ec322c53e796.config'
2026-07-14T16:03:19.0795680Z Cleaning up orphan processes
